../Core/Src/main.c:135:26:MPR121_Write8	1
../Core/Src/main.c:140:26:MPR121_ReadN	1
../Core/Src/main.c:145:17:MPR121_ReadTouchedMask	2
../Core/Src/main.c:152:13:MPR121_Init	7
../Core/Src/main.c:173:13:NRF_Init_TX	1
../Core/Src/main.c:196:13:NRF_Send	1
../Core/Src/main.c:203:13:SendTouchChanges	4
../Core/Src/main.c:228:5:main	3
../Core/Src/main.c:298:6:SystemClock_Config	3
../Core/Src/main.c:338:13:MX_I2C1_Init	2
../Core/Src/main.c:372:13:MX_SPI1_Init	2
../Core/Src/main.c:410:13:MX_GPIO_Init	1
../Core/Src/main.c:469:6:Error_Handler	1
