../Core/Src/nrf24_hal.c:59:20:CE_H	16	static
../Core/Src/nrf24_hal.c:60:20:CE_L	16	static
../Core/Src/nrf24_hal.c:61:20:CSN_H	16	static
../Core/Src/nrf24_hal.c:62:20:CSN_L	16	static
../Core/Src/nrf24_hal.c:64:16:xfer	32	static
../Core/Src/nrf24_hal.c:70:13:write_reg	16	static
../Core/Src/nrf24_hal.c:73:16:read_reg	24	static
../Core/Src/nrf24_hal.c:76:13:write_buf	32	static
../Core/Src/nrf24_hal.c:80:9:nrf24_status	24	static
../Core/Src/nrf24_hal.c:82:6:nrf24_clear_irqs	16	static
../Core/Src/nrf24_hal.c:83:6:nrf24_flush_rx	16	static
../Core/Src/nrf24_hal.c:84:6:nrf24_flush_tx	16	static
../Core/Src/nrf24_hal.c:86:6:nrf24_init	16	static
../Core/Src/nrf24_hal.c:97:13:set_addr_width	16	static
../Core/Src/nrf24_hal.c:102:13:set_rf	24	static
../Core/Src/nrf24_hal.c:112:13:set_auto_retr	24	static
../Core/Src/nrf24_hal.c:120:6:nrf24_prx_config	40	static
../Core/Src/nrf24_hal.c:166:6:nrf24_ptx_config	16	static
../Core/Src/nrf24_hal.c:188:6:nrf24_ptx_send	40	static,ignoring_inline_asm
../Core/Src/nrf24_hal.c:204:6:nrf24_prx_read	40	static
