Archive member included to satisfy reference by file (symbol)

C:/ST/STM32CubeIDE_1.16.0/STM32CubeIDE/plugins/com.st.stm32cube.ide.mcu.externaltools.gnu-tools-for-stm32.13.3.rel1.win32_1.0.0.202411081344/tools/bin/../lib/gcc/arm-none-eabi/13.3.1/../../../../arm-none-eabi/lib/thumb/v7-m/nofp\libc_nano.a(libc_a-exit.o)
                              C:/ST/STM32CubeIDE_1.16.0/STM32CubeIDE/plugins/com.st.stm32cube.ide.mcu.externaltools.gnu-tools-for-stm32.13.3.rel1.win32_1.0.0.202411081344/tools/bin/../lib/gcc/arm-none-eabi/13.3.1/../../../../arm-none-eabi/lib/thumb/v7-m/nofp/crt0.o (exit)
C:/ST/STM32CubeIDE_1.16.0/STM32CubeIDE/plugins/com.st.stm32cube.ide.mcu.externaltools.gnu-tools-for-stm32.13.3.rel1.win32_1.0.0.202411081344/tools/bin/../lib/gcc/arm-none-eabi/13.3.1/../../../../arm-none-eabi/lib/thumb/v7-m/nofp\libc_nano.a(libc_a-findfp.o)
                              C:/ST/STM32CubeIDE_1.16.0/STM32CubeIDE/plugins/com.st.stm32cube.ide.mcu.externaltools.gnu-tools-for-stm32.13.3.rel1.win32_1.0.0.202411081344/tools/bin/../lib/gcc/arm-none-eabi/13.3.1/../../../../arm-none-eabi/lib/thumb/v7-m/nofp\libc_nano.a(libc_a-exit.o) (__stdio_exit_handler)
C:/ST/STM32CubeIDE_1.16.0/STM32CubeIDE/plugins/com.st.stm32cube.ide.mcu.externaltools.gnu-tools-for-stm32.13.3.rel1.win32_1.0.0.202411081344/tools/bin/../lib/gcc/arm-none-eabi/13.3.1/../../../../arm-none-eabi/lib/thumb/v7-m/nofp\libc_nano.a(libc_a-fwalk.o)
                              C:/ST/STM32CubeIDE_1.16.0/STM32CubeIDE/plugins/com.st.stm32cube.ide.mcu.externaltools.gnu-tools-for-stm32.13.3.rel1.win32_1.0.0.202411081344/tools/bin/../lib/gcc/arm-none-eabi/13.3.1/../../../../arm-none-eabi/lib/thumb/v7-m/nofp\libc_nano.a(libc_a-findfp.o) (_fwalk_sglue)
C:/ST/STM32CubeIDE_1.16.0/STM32CubeIDE/plugins/com.st.stm32cube.ide.mcu.externaltools.gnu-tools-for-stm32.13.3.rel1.win32_1.0.0.202411081344/tools/bin/../lib/gcc/arm-none-eabi/13.3.1/../../../../arm-none-eabi/lib/thumb/v7-m/nofp\libc_nano.a(libc_a-stdio.o)
                              C:/ST/STM32CubeIDE_1.16.0/STM32CubeIDE/plugins/com.st.stm32cube.ide.mcu.externaltools.gnu-tools-for-stm32.13.3.rel1.win32_1.0.0.202411081344/tools/bin/../lib/gcc/arm-none-eabi/13.3.1/../../../../arm-none-eabi/lib/thumb/v7-m/nofp\libc_nano.a(libc_a-findfp.o) (__sread)
C:/ST/STM32CubeIDE_1.16.0/STM32CubeIDE/plugins/com.st.stm32cube.ide.mcu.externaltools.gnu-tools-for-stm32.13.3.rel1.win32_1.0.0.202411081344/tools/bin/../lib/gcc/arm-none-eabi/13.3.1/../../../../arm-none-eabi/lib/thumb/v7-m/nofp\libc_nano.a(libc_a-memset.o)
                              C:/ST/STM32CubeIDE_1.16.0/STM32CubeIDE/plugins/com.st.stm32cube.ide.mcu.externaltools.gnu-tools-for-stm32.13.3.rel1.win32_1.0.0.202411081344/tools/bin/../lib/gcc/arm-none-eabi/13.3.1/../../../../arm-none-eabi/lib/thumb/v7-m/nofp/crt0.o (memset)
C:/ST/STM32CubeIDE_1.16.0/STM32CubeIDE/plugins/com.st.stm32cube.ide.mcu.externaltools.gnu-tools-for-stm32.13.3.rel1.win32_1.0.0.202411081344/tools/bin/../lib/gcc/arm-none-eabi/13.3.1/../../../../arm-none-eabi/lib/thumb/v7-m/nofp\libc_nano.a(libc_a-closer.o)
                              C:/ST/STM32CubeIDE_1.16.0/STM32CubeIDE/plugins/com.st.stm32cube.ide.mcu.externaltools.gnu-tools-for-stm32.13.3.rel1.win32_1.0.0.202411081344/tools/bin/../lib/gcc/arm-none-eabi/13.3.1/../../../../arm-none-eabi/lib/thumb/v7-m/nofp\libc_nano.a(libc_a-stdio.o) (_close_r)
C:/ST/STM32CubeIDE_1.16.0/STM32CubeIDE/plugins/com.st.stm32cube.ide.mcu.externaltools.gnu-tools-for-stm32.13.3.rel1.win32_1.0.0.202411081344/tools/bin/../lib/gcc/arm-none-eabi/13.3.1/../../../../arm-none-eabi/lib/thumb/v7-m/nofp\libc_nano.a(libc_a-reent.o)
                              C:/ST/STM32CubeIDE_1.16.0/STM32CubeIDE/plugins/com.st.stm32cube.ide.mcu.externaltools.gnu-tools-for-stm32.13.3.rel1.win32_1.0.0.202411081344/tools/bin/../lib/gcc/arm-none-eabi/13.3.1/../../../../arm-none-eabi/lib/thumb/v7-m/nofp\libc_nano.a(libc_a-closer.o) (errno)
C:/ST/STM32CubeIDE_1.16.0/STM32CubeIDE/plugins/com.st.stm32cube.ide.mcu.externaltools.gnu-tools-for-stm32.13.3.rel1.win32_1.0.0.202411081344/tools/bin/../lib/gcc/arm-none-eabi/13.3.1/../../../../arm-none-eabi/lib/thumb/v7-m/nofp\libc_nano.a(libc_a-impure.o)
                              C:/ST/STM32CubeIDE_1.16.0/STM32CubeIDE/plugins/com.st.stm32cube.ide.mcu.externaltools.gnu-tools-for-stm32.13.3.rel1.win32_1.0.0.202411081344/tools/bin/../lib/gcc/arm-none-eabi/13.3.1/../../../../arm-none-eabi/lib/thumb/v7-m/nofp\libc_nano.a(libc_a-reent.o) (_impure_ptr)
C:/ST/STM32CubeIDE_1.16.0/STM32CubeIDE/plugins/com.st.stm32cube.ide.mcu.externaltools.gnu-tools-for-stm32.13.3.rel1.win32_1.0.0.202411081344/tools/bin/../lib/gcc/arm-none-eabi/13.3.1/../../../../arm-none-eabi/lib/thumb/v7-m/nofp\libc_nano.a(libc_a-lseekr.o)
[...]
Memory Configuration

Name             Origin             Length             Attributes
RAM              0x20000000         0x00002800         xrw
FLASH            0x08000000         0x00008000         xr
*default*        0x00000000         0xffffffff

Linker script and memory map

LOAD C:/ST/STM32CubeIDE_1.16.0/STM32CubeIDE/plugins/com.st.stm32cube.ide.mcu.externaltools.gnu-tools-for-stm32.13.3.rel1.win32_1.0.0.202411081344/tools/bin/../lib/gcc/arm-none-eabi/13.3.1/thumb/v7-m/nofp/crti.o
LOAD C:/ST/STM32CubeIDE_1.16.0/STM32CubeIDE/plugins/com.st.stm32cube.ide.mcu.externaltools.gnu-tools-for-stm32.13.3.rel1.win32_1.0.0.202411081344/tools/bin/../lib/gcc/arm-none-eabi/13.3.1/thumb/v7-m/nofp/crtbegin.o
LOAD C:/ST/STM32CubeIDE_1.16.0/STM32CubeIDE/plugins/com.st.stm32cube.ide.mcu.externaltools.gnu-tools-for-stm32.13.3.rel1.win32_1.0.0.202411081344/tools/bin/../lib/gcc/arm-none-eabi/13.3.1/../../../../arm-none-eabi/lib/thumb/v7-m/nofp/crt0.o
LOAD ./Core/Src/main.o
LOAD ./Core/Src/stm32f1xx_hal_msp.o
LOAD ./Core/Src/stm32f1xx_it.o
LOAD ./Core/Src/syscalls.o
LOAD ./Core/Src/sysmem.o
LOAD ./Core/Src/system_stm32f1xx.o
LOAD ./Core/Startup/startup_stm32f103c6tx.o
LOAD ./Drivers/STM32F1xx_HAL_Driver/Src/stm32f1xx_hal.o
LOAD ./Drivers/STM32F1xx_HAL_Driver/Src/stm32f1xx_hal_cortex.o
LOAD ./Drivers/STM32F1xx_HAL_Driver/Src/stm32f1xx_hal_dma.o
LOAD ./Drivers/STM32F1xx_HAL_Driver/Src/stm32f1xx_hal_exti.o
LOAD ./Drivers/STM32F1xx_HAL_Driver/Src/stm32f1xx_hal_flash.o
LOAD ./Drivers/STM32F1xx_HAL_Driver/Src/stm32f1xx_hal_flash_ex.o
LOAD ./Drivers/STM32F1xx_HAL_Driver/Src/stm32f1xx_hal_gpio.o
LOAD ./Drivers/STM32F1xx_HAL_Driver/Src/stm32f1xx_hal_gpio_ex.o
LOAD ./Drivers/STM32F1xx_HAL_Driver/Src/stm32f1xx_hal_i2c.o
LOAD ./Drivers/STM32F1xx_HAL_Driver/Src/stm32f1xx_hal_pcd.o
LOAD ./Drivers/STM32F1xx_HAL_Driver/Src/stm32f1xx_hal_pcd_ex.o
LOAD ./Drivers/STM32F1xx_HAL_Driver/Src/stm32f1xx_hal_pwr.o
LOAD ./Drivers/STM32F1xx_HAL_Driver/Src/stm32f1xx_hal_rcc.o
LOAD ./Drivers/STM32F1xx_HAL_Driver/Src/stm32f1xx_hal_rcc_ex.o
LOAD ./Drivers/STM32F1xx_HAL_Driver/Src/stm32f1xx_ll_usb.o
LOAD ./Middlewares/ST/STM32_USB_Device_Library/Class/CDC/Src/usbd_cdc.o
LOAD ./Middlewares/ST/STM32_USB_Device_Library/Core/Src/usbd_core.o
LOAD ./Middlewares/ST/STM32_USB_Device_Library/Core/Src/usbd_ctlreq.o
LOAD ./Middlewares/ST/STM32_USB_Device_Library/Core/Src/usbd_ioreq.o
LOAD ./USB_DEVICE/App/usb_device.o
LOAD ./USB_DEVICE/App/usbd_cdc_if.o
LOAD ./USB_DEVICE/App/usbd_desc.o
LOAD ./USB_DEVICE/Target/usbd_conf.o
START GROUP
LOAD C:/ST/STM32CubeIDE_1.16.0/STM32CubeIDE/plugins/com.st.stm32cube.ide.mcu.externaltools.gnu-tools-for-stm32.13.3.rel1.win32_1.0.0.202411081344/tools/bin/../lib/gcc/arm-none-eabi/13.3.1/../../../../arm-none-eabi/lib/thumb/v7-m/nofp\libc_nano.a
LOAD C:/ST/STM32CubeIDE_1.16.0/STM32CubeIDE/plugins/com.st.stm32cube.ide.mcu.externaltools.gnu-tools-for-stm32.13.3.rel1.win32_1.0.0.202411081344/tools/bin/../lib/gcc/arm-none-eabi/13.3.1/../../../../arm-none-eabi/lib/thumb/v7-m/nofp\libm.a
END GROUP
START GROUP
LOAD C:/ST/STM32CubeIDE_1.16.0/STM32CubeIDE/plugins/com.st.stm32cube.ide.mcu.externaltools.gnu-tools-for-stm32.13.3.rel1.win32_1.0.0.202411081344/tools/bin/../lib/gcc/arm-none-eabi/13.3.1/thumb/v7-m/nofp\libgcc.a
LOAD C:/ST/STM32CubeIDE_1.16.0/STM32CubeIDE/plugins/com.st.stm32cube.ide.mcu.externaltools.gnu-tools-for-stm32.13.3.rel1.win32_1.0.0.202411081344/tools/bin/../lib/gcc/arm-none-eabi/13.3.1/../../../../arm-none-eabi/lib/thumb/v7-m/nofp\libc_nano.a
END GROUP
START GROUP
LOAD C:/ST/STM32CubeIDE_1.16.0/STM32CubeIDE/plugins/com.st.stm32cube.ide.mcu.externaltools.gnu-tools-for-stm32.13.3.rel1.win32_1.0.0.202411081344/tools/bin/../lib/gcc/arm-none-eabi/13.3.1/thumb/v7-m/nofp\libgcc.a
LOAD C:/ST/STM32CubeIDE_1.16.0/STM32CubeIDE/plugins/com.st.stm32cube.ide.mcu.externaltools.gnu-tools-for-stm32.13.3.rel1.win32_1.0.0.202411081344/tools/bin/../lib/gcc/arm-none-eabi/13.3.1/../../../../arm-none-eabi/lib/thumb/v7-m/nofp\libc_nano.a
LOAD C:/ST/STM32CubeIDE_1.16.0/STM32CubeIDE/plugins/com.st.stm32cube.ide.mcu.externaltools.gnu-tools-for-stm32.13.3.rel1.win32_1.0.0.202411081344/tools/bin/../lib/gcc/arm-none-eabi/13.3.1/../../../../arm-none-eabi/lib/thumb/v7-m/nofp\libnosys.a
END GROUP
START GROUP
LOAD C:/ST/STM32CubeIDE_1.16.0/STM32CubeIDE/plugins/com.st.stm32cube.ide.mcu.externaltools.gnu-tools-for-stm32.13.3.rel1.win32_1.0.0.202411081344/tools/bin/../lib/gcc/arm-none-eabi/13.3.1/thumb/v7-m/nofp\libgcc.a
LOAD C:/ST/STM32CubeIDE_1.16.0/STM32CubeIDE/plugins/com.st.stm32cube.ide.mcu.externaltools.gnu-tools-for-stm32.13.3.rel1.win32_1.0.0.202411081344/tools/bin/../lib/gcc/arm-none-eabi/13.3.1/../../../../arm-none-eabi/lib/thumb/v7-m/nofp\libc_nano.a
LOAD C:/ST/STM32CubeIDE_1.16.0/STM32CubeIDE/plugins/com.st.stm32cube.ide.mcu.externaltools.gnu-tools-for-stm32.13.3.rel1.win32_1.0.0.202411081344/tools/bin/../lib/gcc/arm-none-eabi/13.3.1/../../../../arm-none-eabi/lib/thumb/v7-m/nofp\libnosys.a
END GROUP
LOAD C:/ST/STM32CubeIDE_1.16.0/STM32CubeIDE/plugins/com.st.stm32cube.ide.mcu.externaltools.gnu-tools-for-stm32.13.3.rel1.win32_1.0.0.202411081344/tools/bin/../lib/gcc/arm-none-eabi/13.3.1/thumb/v7-m/nofp/crtend.o
LOAD C:/ST/STM32CubeIDE_1.16.0/STM32CubeIDE/plugins/com.st.stm32cube.ide.mcu.externaltools.gnu-tools-for-stm32.13.3.rel1.win32_1.0.0.202411081344/tools/bin/../lib/gcc/arm-none-eabi/13.3.1/thumb/v7-m/nofp/crtn.o
                0x20002800                        _estack = (ORIGIN (RAM) + LENGTH (RAM))
                0x00000200                        _Min_Heap_Size = 0x200
                0x00000400                        _Min_Stack_Size = 0x400

.isr_vector     0x08000000      0x10c
                0x08000000                        . = ALIGN (0x4)
 *(.isr_vector)
 .isr_vector    0x08000000      0x10c ./Core/Startup/startup_stm32f103c6tx.o
                0x08000000                g_pfnVectors
                0x0800010c                        . = ALIGN (0x4)

.text           0x0800010c     0x3c88
                0x0800010c                        . = ALIGN (0x4)
 *(.text)
 .text          0x0800010c       0x40 C:/ST/STM32CubeIDE_1.16.0/STM32CubeIDE/plugins/com.st.stm32cube.ide.mcu.externaltools.gnu-tools-for-stm32.13.3.rel1.win32_1.0.0.202411081344/tools/bin/../lib/gcc/arm-none-eabi/13.3.1/thumb/v7-m/nofp/crtbegin.o
 .text          0x0800014c       0x10 C:/ST/STM32CubeIDE_1.16.0/STM32CubeIDE/plugins/com.st.stm32cube.ide.mcu.externaltools.gnu-tools-for-stm32.13.3.rel1.win32_1.0.0.202411081344/tools/bin/../lib/gcc/arm-none-eabi/13.3.1/../../../../arm-none-eabi/lib/thumb/v7-m/nofp\libc_nano.a(libc_a-strlen.o)
                0x0800014c                strlen
 *(.text*)
 .text.MPR121_Write8
                0x0800015c       0x28 ./Core/Src/main.o
 .text.SystemClock_Config
                0x08000184       0x7c ./Core/Src/main.o
                0x08000184                SystemClock_Config
 .text.startup.main
                0x08000200      0x224 ./Core/Src/main.o
                0x08000200                main
 .text.Error_Handler
                0x08000424        0x4 ./Core/Src/main.o
                0x08000424                Error_Handler
 .text.HAL_MspInit
                0x08000428       0x44 ./Core/Src/stm32f1xx_hal_msp.o
                0x08000428                HAL_MspInit
 .text.HAL_I2C_MspInit
                0x0800046c       0x64 ./Core/Src/stm32f1xx_hal_msp.o
                0x0800046c                HAL_I2C_MspInit
 .text.NMI_Handler
                0x080004d0        0x2 ./Core/Src/stm32f1xx_it.o
                0x080004d0                NMI_Handler
 .text.HardFault_Handler
                0x080004d2        0x2 ./Core/Src/stm32f1xx_it.o
                0x080004d2                HardFault_Handler
 .text.MemManage_Handler
                0x080004d4        0x2 ./Core/Src/stm32f1xx_it.o
                0x080004d4                MemManage_Handler
 .text.BusFault_Handler
                0x080004d6        0x2 ./Core/Src/stm32f1xx_it.o
                0x080004d6                BusFault_Handler
 .text.UsageFault_Handler
                0x080004d8        0x2 ./Core/Src/stm32f1xx_it.o
                0x080004d8                UsageFault_Handler
 .text.SVC_Handler
                0x080004da        0x2 ./Core/Src/stm32f1xx_it.o
                0x080004da                SVC_Handler
 .text.DebugMon_Handler
                0x080004dc        0x2 ./Core/Src/stm32f1xx_it.o
                0x080004dc                DebugMon_Handler
 .text.PendSV_Handler
                0x080004de        0x2 ./Core/Src/stm32f1xx_it.o
                0x080004de                PendSV_Handler
 .text.SysTick_Handler
                0x080004e0        0x4 ./Core/Src/stm32f1xx_it.o
                0x080004e0                SysTick_Handler
 .text.USB_LP_CAN1_RX0_IRQHandler
                0x080004e4        0xc ./Core/Src/stm32f1xx_it.o
                0x080004e4                USB_LP_CAN1_RX0_IRQHandler
 .text.EXTI9_5_IRQHandler
                0x080004f0        0x6 ./Core/Src/stm32f1xx_it.o
                0x080004f0                EXTI9_5_IRQHandler
 *fill*         0x080004f6        0x2 
 .text.HAL_GPIO_EXTI_Callback
                0x080004f8       0x10 ./Core/Src/stm32f1xx_it.o
                0x080004f8                HAL_GPIO_EXTI_Callback
 .text.SystemInit
                0x08000508        0x2 ./Core/Src/system_stm32f1xx.o
                0x08000508                SystemInit
 *fill*         0x0800050a        0x2 
 .text.Reset_Handler
                0x0800050c       0x48 ./Core/Startup/startup_stm32f103c6tx.o
                0x0800050c                Reset_Handler
 .text.Default_Handler
                0x08000554        0x2 ./Core/Startup/startup_stm32f103c6tx.o
                0x08000554                RTC_Alarm_IRQHandler
                0x08000554                EXTI2_IRQHandler
                0x08000554                TIM1_CC_IRQHandler
                0x08000554                PVD_IRQHandler
                0x08000554                EXTI3_IRQHandler
                0x08000554                EXTI0_IRQHandler
                0x08000554                ADC1_2_IRQHandler
                0x08000554                SPI1_IRQHandler
                0x08000554                TAMPER_IRQHandler
                0x08000554                DMA1_Channel4_IRQHandler
                0x08000554                RTC_IRQHandler
                0x08000554                DMA1_Channel7_IRQHandler
                0x08000554                CAN1_RX1_IRQHandler
                0x08000554                I2C1_EV_IRQHandler
                0x08000554                DMA1_Channel6_IRQHandler
                0x08000554                TIM3_IRQHandler
                0x08000554                RCC_IRQHandler
                0x08000554                TIM1_TRG_COM_IRQHandler
                0x08000554                DMA1_Channel1_IRQHandler
                0x08000554                Default_Handler
                0x08000554                EXTI15_10_IRQHandler
                0x08000554                DMA1_Channel5_IRQHandler
                0x08000554                EXTI4_IRQHandler
                0x08000554                USB_HP_CAN1_TX_IRQHandler
                0x08000554                DMA1_Channel3_IRQHandler
                0x08000554                TIM1_UP_IRQHandler
                0x08000554                WWDG_IRQHandler
                0x08000554                TIM2_IRQHandler
                0x08000554                TIM1_BRK_IRQHandler
                0x08000554                EXTI1_IRQHandler
                0x08000554                USART2_IRQHandler
                0x08000554                DMA1_Channel2_IRQHandler
                0x08000554                CAN1_SCE_IRQHandler
                0x08000554                FLASH_IRQHandler
                0x08000554                USART1_IRQHandler
                0x08000554                I2C1_ER_IRQHandler
                0x08000554                USBWakeUp_IRQHandler
 *fill*         0x08000556        0x2 
 .text.HAL_InitTick
                0x08000558       0x48 ./Drivers/STM32F1xx_HAL_Driver/Src/stm32f1xx_hal.o
                0x08000558                HAL_InitTick
 .text.HAL_Init
                0x080005a0       0x24 ./Drivers/STM32F1xx_HAL_Driver/Src/stm32f1xx_hal.o
                0x080005a0                HAL_Init
 .text.HAL_IncTick
                0x080005c4       0x18 ./Drivers/STM32F1xx_HAL_Driver/Src/stm32f1xx_hal.o
                0x080005c4                HAL_IncTick
 .text.HAL_GetTick
                0x080005dc        0xc ./Drivers/STM32F1xx_HAL_Driver/Src/stm32f1xx_hal.o
                0x080005dc                HAL_GetTick
 .text.HAL_Delay
                0x080005e8       0x24 ./Drivers/STM32F1xx_HAL_Driver/Src/stm32f1xx_hal.o
                0x080005e8                HAL_Delay
 .text.HAL_NVIC_SetPriorityGrouping
                0x0800060c       0x24 ./Drivers/STM32F1xx_HAL_Driver/Src/stm32f1xx_hal_cortex.o
                0x0800060c                HAL_NVIC_SetPriorityGrouping
 .text.HAL_NVIC_SetPriority
                0x08000630       0x60 ./Drivers/STM32F1xx_HAL_Driver/Src/stm32f1xx_hal_cortex.o
                0x08000630                HAL_NVIC_SetPriority
 .text.HAL_NVIC_EnableIRQ
                0x08000690       0x1c ./Drivers/STM32F1xx_HAL_Driver/Src/stm32f1xx_hal_cortex.o
                0x08000690                HAL_NVIC_EnableIRQ
 .text.HAL_SYSTICK_Config
                0x080006ac       0x28 ./Drivers/STM32F1xx_HAL_Driver/Src/stm32f1xx_hal_cortex.o
                0x080006ac                HAL_SYSTICK_Config
 .text.HAL_GPIO_Init
                0x080006d4      0x19c ./Drivers/STM32F1xx_HAL_Driver/Src/stm32f1xx_hal_gpio.o
                0x080006d4                HAL_GPIO_Init
 .text.HAL_GPIO_WritePin
                0x08000870        0xa ./Drivers/STM32F1xx_HAL_Driver/Src/stm32f1xx_hal_gpio.o
                0x08000870                HAL_GPIO_WritePin
 .text.HAL_GPIO_TogglePin
                0x0800087a       0x12 ./Drivers/STM32F1xx_HAL_Driver/Src/stm32f1xx_hal_gpio.o
                0x0800087a                HAL_GPIO_TogglePin
 .text.HAL_GPIO_EXTI_IRQHandler
                0x0800088c       0x18 ./Drivers/STM32F1xx_HAL_Driver/Src/stm32f1xx_hal_gpio.o
                0x0800088c                HAL_GPIO_EXTI_IRQHandler
 .text.I2C_IsAcknowledgeFailed
                0x080008a4       0x32 ./Drivers/STM32F1xx_HAL_Driver/Src/stm32f1xx_hal_i2c.o
 .text.I2C_WaitOnFlagUntilTimeout
                0x080008d6       0x80 ./Drivers/STM32F1xx_HAL_Driver/Src/stm32f1xx_hal_i2c.o
 .text.I2C_WaitOnMasterAddressFlagUntilTimeout
                0x08000956       0x84 ./Drivers/STM32F1xx_HAL_Driver/Src/stm32f1xx_hal_i2c.o
 .text.I2C_WaitOnTXEFlagUntilTimeout
                0x080009da       0x54 ./Drivers/STM32F1xx_HAL_Driver/Src/stm32f1xx_hal_i2c.o
 *fill*         0x08000a2e        0x2 
 .text.I2C_RequestMemoryWrite
                0x08000a30       0xb4 ./Drivers/STM32F1xx_HAL_Driver/Src/stm32f1xx_hal_i2c.o
 .text.I2C_RequestMemoryRead
                0x08000ae4      0x108 ./Drivers/STM32F1xx_HAL_Driver/Src/stm32f1xx_hal_i2c.o
 .text.I2C_WaitOnBTFFlagUntilTimeout
                0x08000bec       0x54 ./Drivers/STM32F1xx_HAL_Driver/Src/stm32f1xx_hal_i2c.o
 .text.I2C_WaitOnRXNEFlagUntilTimeout
                0x08000c40       0x66 ./Drivers/STM32F1xx_HAL_Driver/Src/stm32f1xx_hal_i2c.o
 *fill*         0x08000ca6        0x2 
 .text.HAL_I2C_Init
                0x08000ca8      0x150 ./Drivers/STM32F1xx_HAL_Driver/Src/stm32f1xx_hal_i2c.o
                0x08000ca8                HAL_I2C_Init
 .text.HAL_I2C_Mem_Write
                0x08000df8      0x120 ./Drivers/STM32F1xx_HAL_Driver/Src/stm32f1xx_hal_i2c.o
                0x08000df8                HAL_I2C_Mem_Write
 .text.HAL_I2C_Mem_Read
                0x08000f18      0x288 ./Drivers/STM32F1xx_HAL_Driver/Src/stm32f1xx_hal_i2c.o
                0x08000f18                HAL_I2C_Mem_Read
 .text.HAL_PCD_Init
                0x080011a0       0xc6 ./Drivers/STM32F1xx_HAL_Driver/Src/stm32f1xx_hal_pcd.o
                0x080011a0                HAL_PCD_Init
 .text.HAL_PCD_Start
                0x08001266       0x32 ./Drivers/STM32F1xx_HAL_Driver/Src/stm32f1xx_hal_pcd.o
                0x08001266                HAL_PCD_Start
 .text.HAL_PCD_SetAddress
                0x08001298       0x26 ./Drivers/STM32F1xx_HAL_Driver/Src/stm32f1xx_hal_pcd.o
                0x08001298                HAL_PCD_SetAddress
 *fill*         0x080012be        0x2 
 .text.HAL_PCD_IRQHandler
                0x080012c0      0xa08 ./Drivers/STM32F1xx_HAL_Driver/Src/stm32f1xx_hal_pcd.o
                0x080012c0                HAL_PCD_IRQHandler
 .text.HAL_PCD_EP_Open
                0x08001cc8       0x60 ./Drivers/STM32F1xx_HAL_Driver/Src/stm32f1xx_hal_pcd.o
                0x08001cc8                HAL_PCD_EP_Open
 .text.HAL_PCD_EP_Close
                0x08001d28       0x50 ./Drivers/STM32F1xx_HAL_Driver/Src/stm32f1xx_hal_pcd.o
                0x08001d28                HAL_PCD_EP_Close
 .text.HAL_PCD_EP_Receive
                0x08001d78       0x2e ./Drivers/STM32F1xx_HAL_Driver/Src/stm32f1xx_hal_pcd.o
                0x08001d78                HAL_PCD_EP_Receive
 .text.HAL_PCD_EP_GetRxCount
                0x08001da6       0x10 ./Drivers/STM32F1xx_HAL_Driver/Src/stm32f1xx_hal_pcd.o
                0x08001da6                HAL_PCD_EP_GetRxCount
 .text.HAL_PCD_EP_Transmit
                0x08001db6       0x30 ./Drivers/STM32F1xx_HAL_Driver/Src/stm32f1xx_hal_pcd.o
                0x08001db6                HAL_PCD_EP_Transmit
 .text.HAL_PCD_EP_SetStall
                0x08001de6       0x6c ./Drivers/STM32F1xx_HAL_Driver/Src/stm32f1xx_hal_pcd.o
                0x08001de6                HAL_PCD_EP_SetStall
 .text.HAL_PCD_EP_ClrStall
                0x08001e52       0x64 ./Drivers/STM32F1xx_HAL_Driver/Src/stm32f1xx_hal_pcd.o
                0x08001e52                HAL_PCD_EP_ClrStall
 .text.HAL_PCDEx_PMAConfig
                0x08001eb6       0x32 ./Drivers/STM32F1xx_HAL_Driver/Src/stm32f1xx_hal_pcd_ex.o
                0x08001eb6                HAL_PCDEx_PMAConfig
 .text.HAL_RCC_OscConfig
                0x08001ee8      0x338 ./Drivers/STM32F1xx_HAL_Driver/Src/stm32f1xx_hal_rcc.o
                0x08001ee8                HAL_RCC_OscConfig
 .text.HAL_RCC_GetSysClockFreq
                0x08002220       0x4c ./Drivers/STM32F1xx_HAL_Driver/Src/stm32f1xx_hal_rcc.o
                0x08002220                HAL_RCC_GetSysClockFreq
 .text.HAL_RCC_ClockConfig
                0x0800226c      0x138 ./Drivers/STM32F1xx_HAL_Driver/Src/stm32f1xx_hal_rcc.o
                0x0800226c                HAL_RCC_ClockConfig
 .text.HAL_RCC_GetPCLK1Freq
                0x080023a4       0x20 ./Drivers/STM32F1xx_HAL_Driver/Src/stm32f1xx_hal_rcc.o
                0x080023a4                HAL_RCC_GetPCLK1Freq
 .text.HAL_RCCEx_PeriphCLKConfig
                0x080023c4       0xf4 ./Drivers/STM32F1xx_HAL_Driver/Src/stm32f1xx_hal_rcc_ex.o
                0x080023c4                HAL_RCCEx_PeriphCLKConfig
 .text.USB_CoreInit
                0x080024b8        0xe ./Drivers/STM32F1xx_HAL_Driver/Src/stm32f1xx_ll_usb.o
                0x080024b8                USB_CoreInit
 .text.USB_EnableGlobalInt
                0x080024c6       0x12 ./Drivers/STM32F1xx_HAL_Driver/Src/stm32f1xx_ll_usb.o
                0x080024c6                USB_EnableGlobalInt
 .text.USB_DisableGlobalInt
                0x080024d8       0x14 ./Drivers/STM32F1xx_HAL_Driver/Src/stm32f1xx_ll_usb.o
                0x080024d8                USB_DisableGlobalInt
 .text.USB_SetCurrentMode
                0x080024ec        0x4 ./Drivers/STM32F1xx_HAL_Driver/Src/stm32f1xx_ll_usb.o
                0x080024ec                USB_SetCurrentMode
 .text.USB_DevInit
                0x080024f0       0x22 ./Drivers/STM32F1xx_HAL_Driver/Src/stm32f1xx_ll_usb.o
                0x080024f0                USB_DevInit
 *fill*         0x08002512        0x2 
 .text.USB_ActivateEndpoint
                0x08002514      0x2c0 ./Drivers/STM32F1xx_HAL_Driver/Src/stm32f1xx_ll_usb.o
                0x08002514                USB_ActivateEndpoint
 .text.USB_DeactivateEndpoint
                0x080027d4      0x1a6 ./Drivers/STM32F1xx_HAL_Driver/Src/stm32f1xx_ll_usb.o
                0x080027d4                USB_DeactivateEndpoint
 .text.USB_EPSetStall
                0x0800297a       0x40 ./Drivers/STM32F1xx_HAL_Driver/Src/stm32f1xx_ll_usb.o
                0x0800297a                USB_EPSetStall
 .text.USB_EPClearStall
                0x080029ba       0x92 ./Drivers/STM32F1xx_HAL_Driver/Src/stm32f1xx_ll_usb.o
                0x080029ba                USB_EPClearStall
 .text.USB_SetDevAddress
                0x08002a4c        0xc ./Drivers/STM32F1xx_HAL_Driver/Src/stm32f1xx_ll_usb.o
                0x08002a4c                USB_SetDevAddress
 .text.USB_DevConnect
                0x08002a58        0x4 ./Drivers/STM32F1xx_HAL_Driver/Src/stm32f1xx_ll_usb.o
                0x08002a58                USB_DevConnect
 .text.USB_DevDisconnect
                0x08002a5c        0x4 ./Drivers/STM32F1xx_HAL_Driver/Src/stm32f1xx_ll_usb.o
                0x08002a5c                USB_DevDisconnect
 .text.USB_ReadInterrupts
                0x08002a60        0x8 ./Drivers/STM32F1xx_HAL_Driver/Src/stm32f1xx_ll_usb.o
                0x08002a60                USB_ReadInterrupts
 .text.USB_EP0_OutStart
                0x08002a68        0x4 ./Drivers/STM32F1xx_HAL_Driver/Src/stm32f1xx_ll_usb.o
                0x08002a68                USB_EP0_OutStart
 .text.USB_WritePMA
                0x08002a6c       0x20 ./Drivers/STM32F1xx_HAL_Driver/Src/stm32f1xx_ll_usb.o
                0x08002a6c                USB_WritePMA
 .text.USB_EPStartXfer
                0x08002a8c      0x46a ./Drivers/STM32F1xx_HAL_Driver/Src/stm32f1xx_ll_usb.o
                0x08002a8c                USB_EPStartXfer
 .text.USB_ReadPMA
                0x08002ef6       0x38 ./Drivers/STM32F1xx_HAL_Driver/Src/stm32f1xx_ll_usb.o
                0x08002ef6                USB_ReadPMA
 .text.USBD_CDC_EP0_RxReady
                0x08002f2e       0x28 ./Middlewares/ST/STM32_USB_Device_Library/Class/CDC/Src/usbd_cdc.o
 *fill*         0x08002f56        0x2 
 .text.USBD_CDC_GetFSCfgDesc
                0x08002f58        0xc ./Middlewares/ST/STM32_USB_Device_Library/Class/CDC/Src/usbd_cdc.o
 .text.USBD_CDC_GetHSCfgDesc
                0x08002f64        0xc ./Middlewares/ST/STM32_USB_Device_Library/Class/CDC/Src/usbd_cdc.o
 .text.USBD_CDC_GetOtherSpeedCfgDesc
                0x08002f70        0xc ./Middlewares/ST/STM32_USB_Device_Library/Class/CDC/Src/usbd_cdc.o
 .text.USBD_CDC_GetDeviceQualifierDescriptor
                0x08002f7c        0xc ./Middlewares/ST/STM32_USB_Device_Library/Class/CDC/Src/usbd_cdc.o
                0x08002f7c                USBD_CDC_GetDeviceQualifierDescriptor
 .text.USBD_CDC_DataOut
                0x08002f88       0x2e ./Middlewares/ST/STM32_USB_Device_Library/Class/CDC/Src/usbd_cdc.o
 .text.USBD_CDC_DataIn
                0x08002fb6       0x40 ./Middlewares/ST/STM32_USB_Device_Library/Class/CDC/Src/usbd_cdc.o
 .text.USBD_CDC_Setup
                0x08002ff6       0xa2 ./Middlewares/ST/STM32_USB_Device_Library/Class/CDC/Src/usbd_cdc.o
 .text.USBD_CDC_DeInit
                0x08003098       0x42 ./Middlewares/ST/STM32_USB_Device_Library/Class/CDC/Src/usbd_cdc.o
 .text.USBD_CDC_Init
                0x080030da       0x8c ./Middlewares/ST/STM32_USB_Device_Library/Class/CDC/Src/usbd_cdc.o
 .text.USBD_CDC_RegisterInterface
                0x08003166        0xe ./Middlewares/ST/STM32_USB_Device_Library/Class/CDC/Src/usbd_cdc.o
                0x08003166                USBD_CDC_RegisterInterface
 .text.USBD_CDC_SetTxBuffer
                0x08003174       0x10 ./Middlewares/ST/STM32_USB_Device_Library/Class/CDC/Src/usbd_cdc.o
                0x08003174                USBD_CDC_SetTxBuffer
 .text.USBD_CDC_SetRxBuffer
                0x08003184        0xc ./Middlewares/ST/STM32_USB_Device_Library/Class/CDC/Src/usbd_cdc.o
                0x08003184                USBD_CDC_SetRxBuffer
 .text.USBD_CDC_TransmitPacket
                0x08003190       0x32 ./Middlewares/ST/STM32_USB_Device_Library/Class/CDC/Src/usbd_cdc.o
                0x08003190                USBD_CDC_TransmitPacket
 .text.USBD_CDC_ReceivePacket
                0x080031c2       0x26 ./Middlewares/ST/STM32_USB_Device_Library/Class/CDC/Src/usbd_cdc.o
                0x080031c2                USBD_CDC_ReceivePacket
 .text.USBD_Init
                0x080031e8       0x2a ./Middlewares/ST/STM32_USB_Device_Library/Core/Src/usbd_core.o
                0x080031e8                USBD_Init
 .text.USBD_RegisterClass
                0x08003212        0xe ./Middlewares/ST/STM32_USB_Device_Library/Core/Src/usbd_core.o
                0x08003212                USBD_RegisterClass
 .text.USBD_Start
                0x08003220        0xa ./Middlewares/ST/STM32_USB_Device_Library/Core/Src/usbd_core.o
                0x08003220                USBD_Start
 .text.USBD_SetClassConfig
                0x0800322a       0x1a ./Middlewares/ST/STM32_USB_Device_Library/Core/Src/usbd_core.o
                0x0800322a                USBD_SetClassConfig
 .text.USBD_ClrClassConfig
                0x08003244        0xe ./Middlewares/ST/STM32_USB_Device_Library/Core/Src/usbd_core.o
                0x08003244                USBD_ClrClassConfig
 .text.USBD_LL_SetupStage
                0x08003252       0x5a ./Middlewares/ST/STM32_USB_Device_Library/Core/Src/usbd_core.o
                0x08003252                USBD_LL_SetupStage
 .text.USBD_LL_DataOutStage
                0x080032ac       0x70 ./Middlewares/ST/STM32_USB_Device_Library/Core/Src/usbd_core.o
                0x080032ac                USBD_LL_DataOutStage
 .text.USBD_LL_DataInStage
                0x0800331c       0xb8 ./Middlewares/ST/STM32_USB_Device_Library/Core/Src/usbd_core.o
                0x0800331c                USBD_LL_DataInStage
 .text.USBD_LL_Reset
                0x080033d4       0x4e ./Middlewares/ST/STM32_USB_Device_Library/Core/Src/usbd_core.o
                0x080033d4                USBD_LL_Reset
 .text.USBD_LL_SetSpeed
                0x08003422        0x6 ./Middlewares/ST/STM32_USB_Device_Library/Core/Src/usbd_core.o
                0x08003422                USBD_LL_SetSpeed
 .text.USBD_LL_Suspend
                0x08003428       0x12 ./Middlewares/ST/STM32_USB_Device_Library/Core/Src/usbd_core.o
                0x08003428                USBD_LL_Suspend
 .text.USBD_LL_Resume
                0x0800343a       0x14 ./Middlewares/ST/STM32_USB_Device_Library/Core/Src/usbd_core.o
                0x0800343a                USBD_LL_Resume
 .text.USBD_LL_SOF
                0x0800344e       0x18 ./Middlewares/ST/STM32_USB_Device_Library/Core/Src/usbd_core.o
                0x0800344e                USBD_LL_SOF
 .text.USBD_CtlError.constprop.0
                0x08003466       0x16 ./Middlewares/ST/STM32_USB_Device_Library/Core/Src/usbd_ctlreq.o
 .text.USBD_StdDevReq
                0x0800347c      0x290 ./Middlewares/ST/STM32_USB_Device_Library/Core/Src/usbd_ctlreq.o
                0x0800347c                USBD_StdDevReq
 .text.USBD_StdItfReq
                0x0800370c       0x48 ./Middlewares/ST/STM32_USB_Device_Library/Core/Src/usbd_ctlreq.o
                0x0800370c                USBD_StdItfReq
 .text.USBD_StdEPReq
                0x08003754      0x118 ./Middlewares/ST/STM32_USB_Device_Library/Core/Src/usbd_ctlreq.o
                0x08003754                USBD_StdEPReq
 .text.USBD_ParseSetupRequest
                0x0800386c       0x16 ./Middlewares/ST/STM32_USB_Device_Library/Core/Src/usbd_ctlreq.o
                0x0800386c                USBD_ParseSetupRequest
 .text.USBD_CtlError
                0x08003882       0x16 ./Middlewares/ST/STM32_USB_Device_Library/Core/Src/usbd_ctlreq.o
                0x08003882                USBD_CtlError
 .text.USBD_GetString
                0x08003898       0x38 ./Middlewares/ST/STM32_USB_Device_Library/Core/Src/usbd_ctlreq.o
                0x08003898                USBD_GetString
 .text.USBD_CtlSendData
                0x080038d0       0x1a ./Middlewares/ST/STM32_USB_Device_Library/Core/Src/usbd_ioreq.o
                0x080038d0                USBD_CtlSendData
 .text.USBD_CtlContinueSendData
                0x080038ea       0x10 ./Middlewares/ST/STM32_USB_Device_Library/Core/Src/usbd_ioreq.o
                0x080038ea                USBD_CtlContinueSendData
 .text.USBD_CtlPrepareRx
                0x080038fa       0x1a ./Middlewares/ST/STM32_USB_Device_Library/Core/Src/usbd_ioreq.o
                0x080038fa                USBD_CtlPrepareRx
 .text.USBD_CtlContinueRx
                0x08003914       0x10 ./Middlewares/ST/STM32_USB_Device_Library/Core/Src/usbd_ioreq.o
                0x08003914                USBD_CtlContinueRx
 .text.USBD_CtlSendStatus
                0x08003924       0x16 ./Middlewares/ST/STM32_USB_Device_Library/Core/Src/usbd_ioreq.o
                0x08003924                USBD_CtlSendStatus
 .text.USBD_CtlReceiveStatus
                0x0800393a       0x16 ./Middlewares/ST/STM32_USB_Device_Library/Core/Src/usbd_ioreq.o
                0x0800393a                USBD_CtlReceiveStatus
 .text.MX_USB_DEVICE_Init
                0x08003950       0x50 ./USB_DEVICE/App/usb_device.o
                0x08003950                MX_USB_DEVICE_Init
 .text.CDC_DeInit_FS
                0x080039a0        0x4 ./USB_DEVICE/App/usbd_cdc_if.o
 .text.CDC_Control_FS
                0x080039a4        0x4 ./USB_DEVICE/App/usbd_cdc_if.o
 .text.CDC_Receive_FS
                0x080039a8       0x1c ./USB_DEVICE/App/usbd_cdc_if.o
 .text.CDC_Init_FS
                0x080039c4       0x28 ./USB_DEVICE/App/usbd_cdc_if.o
 .text.CDC_Transmit_FS
                0x080039ec       0x2c ./USB_DEVICE/App/usbd_cdc_if.o
                0x080039ec                CDC_Transmit_FS
 .text.USBD_FS_DeviceDescriptor
                0x08003a18        0xc ./USB_DEVICE/App/usbd_desc.o
                0x08003a18                USBD_FS_DeviceDescriptor
 .text.USBD_FS_LangIDStrDescriptor
                0x08003a24        0xc ./USB_DEVICE/App/usbd_desc.o
                0x08003a24                USBD_FS_LangIDStrDescriptor
 .text.IntToUnicode
                0x08003a30       0x2a ./USB_DEVICE/App/usbd_desc.o
 *fill*         0x08003a5a        0x2 
 .text.USBD_FS_SerialStrDescriptor
                0x08003a5c       0x3c ./USB_DEVICE/App/usbd_desc.o
                0x08003a5c                USBD_FS_SerialStrDescriptor
 .text.USBD_FS_ManufacturerStrDescriptor
                0x08003a98       0x1c ./USB_DEVICE/App/usbd_desc.o
                0x08003a98                USBD_FS_ManufacturerStrDescriptor
 .text.USBD_FS_ProductStrDescriptor
                0x08003ab4       0x1c ./USB_DEVICE/App/usbd_desc.o
                0x08003ab4                USBD_FS_ProductStrDescriptor
 .text.USBD_FS_ConfigStrDescriptor
                0x08003ad0       0x1c ./USB_DEVICE/App/usbd_desc.o
                0x08003ad0                USBD_FS_ConfigStrDescriptor
 .text.USBD_FS_InterfaceStrDescriptor
                0x08003aec       0x1c ./USB_DEVICE/App/usbd_desc.o
                0x08003aec                USBD_FS_InterfaceStrDescriptor
 .text.USBD_Get_USB_Status
                0x08003b08        0xc ./USB_DEVICE/Target/usbd_conf.o
 .text.HAL_PCD_MspInit
                0x08003b14       0x40 ./USB_DEVICE/Target/usbd_conf.o
                0x08003b14                HAL_PCD_MspInit
 .text.HAL_PCD_SetupStageCallback
                0x08003b54        0xc ./USB_DEVICE/Target/usbd_conf.o
                0x08003b54                HAL_PCD_SetupStageCallback
 .text.HAL_PCD_DataOutStageCallback
                0x08003b60       0x12 ./USB_DEVICE/Target/usbd_conf.o
                0x08003b60                HAL_PCD_DataOutStageCallback
 .text.HAL_PCD_DataInStageCallback
                0x08003b72       0x10 ./USB_DEVICE/Target/usbd_conf.o
                0x08003b72                HAL_PCD_DataInStageCallback
 .text.HAL_PCD_SOFCallback
                0x08003b82        0x8 ./USB_DEVICE/Target/usbd_conf.o
                0x08003b82                HAL_PCD_SOFCallback
 .text.HAL_PCD_ResetCallback
                0x08003b8a       0x24 ./USB_DEVICE/Target/usbd_conf.o
                0x08003b8a                HAL_PCD_ResetCallback
 *fill*         0x08003bae        0x2 
 .text.HAL_PCD_SuspendCallback
                0x08003bb0       0x20 ./USB_DEVICE/Target/usbd_conf.o
                0x08003bb0                HAL_PCD_SuspendCallback
 .text.HAL_PCD_ResumeCallback
                0x08003bd0        0x8 ./USB_DEVICE/Target/usbd_conf.o
                0x08003bd0                HAL_PCD_ResumeCallback
 .text.USBD_LL_Init
                0x08003bd8       0x80 ./USB_DEVICE/Target/usbd_conf.o
                0x08003bd8                USBD_LL_Init
 .text.USBD_LL_Start
                0x08003c58       0x12 ./USB_DEVICE/Target/usbd_conf.o
                0x08003c58                USBD_LL_Start
 .text.USBD_LL_OpenEP
                0x08003c6a       0x18 ./USB_DEVICE/Target/usbd_conf.o
                0x08003c6a                USBD_LL_OpenEP
 .text.USBD_LL_CloseEP
                0x08003c82       0x12 ./USB_DEVICE/Target/usbd_conf.o
                0x08003c82                USBD_LL_CloseEP
 .text.USBD_LL_StallEP
                0x08003c94       0x12 ./USB_DEVICE/Target/usbd_conf.o
                0x08003c94                USBD_LL_StallEP
 .text.USBD_LL_ClearStallEP
                0x08003ca6       0x12 ./USB_DEVICE/Target/usbd_conf.o
                0x08003ca6                USBD_LL_ClearStallEP
 .text.USBD_LL_IsStallEP
                0x08003cb8       0x22 ./USB_DEVICE/Target/usbd_conf.o
                0x08003cb8                USBD_LL_IsStallEP
 .text.USBD_LL_SetUSBAddress
                0x08003cda       0x12 ./USB_DEVICE/Target/usbd_conf.o
                0x08003cda                USBD_LL_SetUSBAddress
 .text.USBD_LL_Transmit
                0x08003cec       0x12 ./USB_DEVICE/Target/usbd_conf.o
                0x08003cec                USBD_LL_Transmit
 .text.USBD_LL_PrepareReceive
                0x08003cfe       0x12 ./USB_DEVICE/Target/usbd_conf.o
                0x08003cfe                USBD_LL_PrepareReceive
 .text.USBD_LL_GetRxDataSize
                0x08003d10        0x8 ./USB_DEVICE/Target/usbd_conf.o
                0x08003d10                USBD_LL_GetRxDataSize
 .text.USBD_static_malloc
                0x08003d18        0x8 ./USB_DEVICE/Target/usbd_conf.o
                0x08003d18                USBD_static_malloc
 .text.USBD_static_free
                0x08003d20        0x2 ./USB_DEVICE/Target/usbd_conf.o
                0x08003d20                USBD_static_free
 .text.HAL_PCDEx_SetConnectionState
                0x08003d22        0x2 ./USB_DEVICE/Target/usbd_conf.o
                0x08003d22                HAL_PCDEx_SetConnectionState
 .text.memset   0x08003d24       0x10 C:/ST/STM32CubeIDE_1.16.0/STM32CubeIDE/plugins/com.st.stm32cube.ide.mcu.externaltools.gnu-tools-for-stm32.13.3.rel1.win32_1.0.0.202411081344/tools/bin/../lib/gcc/arm-none-eabi/13.3.1/../../../../arm-none-eabi/lib/thumb/v7-m/nofp\libc_nano.a(libc_a-memset.o)
                0x08003d24                memset
 .text.__libc_init_array
                0x08003d34       0x48 C:/ST/STM32CubeIDE_1.16.0/STM32CubeIDE/plugins/com.st.stm32cube.ide.mcu.externaltools.gnu-tools-for-stm32.13.3.rel1.win32_1.0.0.202411081344/tools/bin/../lib/gcc/arm-none-eabi/13.3.1/../../../../arm-none-eabi/lib/thumb/v7-m/nofp\libc_nano.a(libc_a-init.o)
                0x08003d34                __libc_init_array
 *(.glue_7)
 .glue_7        0x08003d7c        0x0 linker stubs
 *(.glue_7t)
 .glue_7t       0x08003d7c        0x0 linker stubs
 *(.eh_frame)
 .eh_frame      0x08003d7c        0x0 C:/ST/STM32CubeIDE_1.16.0/STM32CubeIDE/plugins/com.st.stm32cube.ide.mcu.externaltools.gnu-tools-for-stm32.13.3.rel1.win32_1.0.0.202411081344/tools/bin/../lib/gcc/arm-none-eabi/13.3.1/thumb/v7-m/nofp/crtbegin.o
 *(.init)
 .init          0x08003d7c        0x4 C:/ST/STM32CubeIDE_1.16.0/STM32CubeIDE/plugins/com.st.stm32cube.ide.mcu.externaltools.gnu-tools-for-stm32.13.3.rel1.win32_1.0.0.202411081344/tools/bin/../lib/gcc/arm-none-eabi/13.3.1/thumb/v7-m/nofp/crti.o
                0x08003d7c                _init
 .init          0x08003d80        0x8 C:/ST/STM32CubeIDE_1.16.0/STM32CubeIDE/plugins/com.st.stm32cube.ide.mcu.externaltools.gnu-tools-for-stm32.13.3.rel1.win32_1.0.0.202411081344/tools/bin/../lib/gcc/arm-none-eabi/13.3.1/thumb/v7-m/nofp/crtn.o
 *(.fini)
 .fini          0x08003d88        0x4 C:/ST/STM32CubeIDE_1.16.0/STM32CubeIDE/plugins/com.st.stm32cube.ide.mcu.externaltools.gnu-tools-for-stm32.13.3.rel1.win32_1.0.0.202411081344/tools/bin/../lib/gcc/arm-none-eabi/13.3.1/thumb/v7-m/nofp/crti.o
                0x08003d88                _fini
 .fini          0x08003d8c        0x8 C:/ST/STM32CubeIDE_1.16.0/STM32CubeIDE/plugins/com.st.stm32cube.ide.mcu.externaltools.gnu-tools-for-stm32.13.3.rel1.win32_1.0.0.202411081344/tools/bin/../lib/gcc/arm-none-eabi/13.3.1/thumb/v7-m/nofp/crtn.o
                0x08003d94                        . = ALIGN (0x4)
                0x08003d94                        _etext = .

.vfp11_veneer   0x08003d94        0x0
 .vfp11_veneer  0x08003d94        0x0 linker stubs

.v4_bx          0x08003d94        0x0
 .v4_bx         0x08003d94        0x0 linker stubs

.iplt           0x08003d94        0x0
 .iplt          0x08003d94        0x0 C:/ST/STM32CubeIDE_1.16.0/STM32CubeIDE/plugins/com.st.stm32cube.ide.mcu.externaltools.gnu-tools-for-stm32.13.3.rel1.win32_1.0.0.202411081344/tools/bin/../lib/gcc/arm-none-eabi/13.3.1/thumb/v7-m/nofp/crtbegin.o

.rodata         0x08003d94       0x6c
                0x08003d94                        . = ALIGN (0x4)
 *(.rodata)
 *(.rodata*)
 .rodata.APBPrescTable
                0x08003d94        0x8 ./Core/Src/system_stm32f1xx.o
                0x08003d94                APBPrescTable
 .rodata.AHBPrescTable
                0x08003d9c       0x10 ./Core/Src/system_stm32f1xx.o
                0x08003d9c                AHBPrescTable
 .rodata.aPredivFactorTable.0
                0x08003dac        0x2 ./Drivers/STM32F1xx_HAL_Driver/Src/stm32f1xx_hal_rcc.o
 .rodata.aPLLMULFactorTable.1
                0x08003dae       0x10 ./Drivers/STM32F1xx_HAL_Driver/Src/stm32f1xx_hal_rcc.o
 .rodata.USBD_FS_ManufacturerStrDescriptor.str1.1
                0x08003dbe       0x42 ./USB_DEVICE/App/usbd_desc.o
                                 0x13 (size before relaxing)
 .rodata.USBD_FS_ProductStrDescriptor.str1.1
                0x08003e00       0x16 ./USB_DEVICE/App/usbd_desc.o
 .rodata.USBD_FS_ConfigStrDescriptor.str1.1
                0x08003e00        0xb ./USB_DEVICE/App/usbd_desc.o
 .rodata.USBD_FS_InterfaceStrDescriptor.str1.1
                0x08003e00        0xe ./USB_DEVICE/App/usbd_desc.o
                0x08003e18                        . = ALIGN (0x4)

.ARM.extab      0x08003e00        0x0
                0x08003e00                        . = ALIGN (0x4)
 *(.ARM.extab* .gnu.linkonce.armextab.*)
                0x08003e00                        . = ALIGN (0x4)

.ARM            0x08003e00        0x8
                0x08003e00                        . = ALIGN (0x4)
                0x08003e00                        __exidx_start = .
 *(.ARM.exidx*)
 .ARM.exidx     0x08003e00        0x8 C:/ST/STM32CubeIDE_1.16.0/STM32CubeIDE/plugins/com.st.stm32cube.ide.mcu.externaltools.gnu-tools-for-stm32.13.3.rel1.win32_1.0.0.202411081344/tools/bin/../lib/gcc/arm-none-eabi/13.3.1/../../../../arm-none-eabi/lib/thumb/v7-m/nofp\libc_nano.a(libc_a-strlen.o)
                0x08003e08                        __exidx_end = .
                0x08003e08                        . = ALIGN (0x4)

.preinit_array  0x08003e08        0x0
                0x08003e08                        . = ALIGN (0x4)
                0x08003e08                        PROVIDE (__preinit_array_start = .)
 *(.preinit_array*)
                0x08003e08                        PROVIDE (__preinit_array_end = .)
                0x08003e08                        . = ALIGN (0x4)

.init_array     0x08003e08        0x4
                0x08003e08                        . = ALIGN (0x4)
                0x08003e08                        PROVIDE (__init_array_start = .)
 *(SORT_BY_NAME(.init_array.*))
 *(.init_array*)
 .init_array    0x08003e08        0x4 C:/ST/STM32CubeIDE_1.16.0/STM32CubeIDE/plugins/com.st.stm32cube.ide.mcu.externaltools.gnu-tools-for-stm32.13.3.rel1.win32_1.0.0.202411081344/tools/bin/../lib/gcc/arm-none-eabi/13.3.1/thumb/v7-m/nofp/crtbegin.o
                0x08003e0c                        PROVIDE (__init_array_end = .)
                0x08003e0c                        . = ALIGN (0x4)

.fini_array     0x08003e0c        0x4
                0x08003e0c                        . = ALIGN (0x4)
                [!provide]                        PROVIDE (__fini_array_start = .)
 *(SORT_BY_NAME(.fini_array.*))
 *(.fini_array*)
 .fini_array    0x08003e0c        0x4 C:/ST/STM32CubeIDE_1.16.0/STM32CubeIDE/plugins/com.st.stm32cube.ide.mcu.externaltools.gnu-tools-for-stm32.13.3.rel1.win32_1.0.0.202411081344/tools/bin/../lib/gcc/arm-none-eabi/13.3.1/thumb/v7-m/nofp/crtbegin.o
                [!provide]                        PROVIDE (__fini_array_end = .)
                0x08003e10                        . = ALIGN (0x4)
                0x08003e10                        _sidata = LOADADDR (.data)

.rel.dyn        0x08003e10        0x0
 .rel.iplt      0x08003e10        0x0 C:/ST/STM32CubeIDE_1.16.0/STM32CubeIDE/plugins/com.st.stm32cube.ide.mcu.externaltools.gnu-tools-for-stm32.13.3.rel1.win32_1.0.0.202411081344/tools/bin/../lib/gcc/arm-none-eabi/13.3.1/thumb/v7-m/nofp/crtbegin.o

.data           0x20000000      0x17c load address 0x08003e10
                0x20000000                        . = ALIGN (0x4)
                0x20000000                        _sdata = .
 *(.data)
 *(.data*)
 .data.SystemCoreClock
                0x20000000        0x4 ./Core/Src/system_stm32f1xx.o
                0x20000000                SystemCoreClock
 .data.uwTickFreq
                0x20000004        0x1 ./Drivers/STM32F1xx_HAL_Driver/Src/stm32f1xx_hal.o
                0x20000004                uwTickFreq
 *fill*         0x20000005        0x3 
 .data.uwTickPrio
                0x20000008        0x4 ./Drivers/STM32F1xx_HAL_Driver/Src/stm32f1xx_hal.o
                0x20000008                uwTickPrio
 .data.USBD_CDC_OtherSpeedCfgDesc
                0x2000000c       0x43 ./Middlewares/ST/STM32_USB_Device_Library/Class/CDC/Src/usbd_cdc.o
                0x2000000c                USBD_CDC_OtherSpeedCfgDesc
 *fill*         0x2000004f        0x1 
 .data.USBD_CDC_CfgFSDesc
                0x20000050       0x43 ./Middlewares/ST/STM32_USB_Device_Library/Class/CDC/Src/usbd_cdc.o
                0x20000050                USBD_CDC_CfgFSDesc
 *fill*         0x20000093        0x1 
 .data.USBD_CDC_CfgHSDesc
                0x20000094       0x43 ./Middlewares/ST/STM32_USB_Device_Library/Class/CDC/Src/usbd_cdc.o
                0x20000094                USBD_CDC_CfgHSDesc
 *fill*         0x200000d7        0x1 
 .data.USBD_CDC
                0x200000d8       0x38 ./Middlewares/ST/STM32_USB_Device_Library/Class/CDC/Src/usbd_cdc.o
                0x200000d8                USBD_CDC
 .data.USBD_CDC_DeviceQualifierDesc
                0x20000110        0xa ./Middlewares/ST/STM32_USB_Device_Library/Class/CDC/Src/usbd_cdc.o
 *fill*         0x2000011a        0x2 
 .data.USBD_Interface_fops_FS
                0x2000011c       0x10 ./USB_DEVICE/App/usbd_cdc_if.o
                0x2000011c                USBD_Interface_fops_FS
 .data.USBD_StringSerial
                0x2000012c       0x1a ./USB_DEVICE/App/usbd_desc.o
                0x2000012c                USBD_StringSerial
 *fill*         0x20000146        0x2 
 .data.USBD_LangIDDesc
                0x20000148        0x4 ./USB_DEVICE/App/usbd_desc.o
                0x20000148                USBD_LangIDDesc
 .data.USBD_FS_DeviceDesc
                0x2000014c       0x12 ./USB_DEVICE/App/usbd_desc.o
                0x2000014c                USBD_FS_DeviceDesc
 *fill*         0x2000015e        0x2 
 .data.FS_Desc  0x20000160       0x1c ./USB_DEVICE/App/usbd_desc.o
                0x20000160                FS_Desc
 *(.RamFunc)
 *(.RamFunc*)
                0x2000017c                        . = ALIGN (0x4)
                0x2000017c                        _edata = .

.igot.plt       0x2000017c        0x0 load address 0x08003f8c
 .igot.plt      0x2000017c        0x0 C:/ST/STM32CubeIDE_1.16.0/STM32CubeIDE/plugins/com.st.stm32cube.ide.mcu.externaltools.gnu-tools-for-stm32.13.3.rel1.win32_1.0.0.202411081344/tools/bin/../lib/gcc/arm-none-eabi/13.3.1/thumb/v7-m/nofp/crtbegin.o
                0x2000017c                        . = ALIGN (0x4)

.bss            0x2000017c     0x123c load address 0x08003f8c
                0x2000017c                        _sbss = .
                0x2000017c                        __bss_start__ = _sbss
 *(.bss)
 .bss           0x2000017c       0x1c C:/ST/STM32CubeIDE_1.16.0/STM32CubeIDE/plugins/com.st.stm32cube.ide.mcu.externaltools.gnu-tools-for-stm32.13.3.rel1.win32_1.0.0.202411081344/tools/bin/../lib/gcc/arm-none-eabi/13.3.1/thumb/v7-m/nofp/crtbegin.o
 *(.bss*)
 .bss.hi2c1     0x20000198       0x54 ./Core/Src/main.o
                0x20000198                hi2c1
 .bss.s_prev_mask
                0x200001ec        0x2 ./Core/Src/main.o
 .bss.g_touched_mask
                0x200001ee        0x2 ./Core/Src/main.o
                0x200001ee                g_touched_mask
 .bss.g_mpr_irq_pending
                0x200001f0        0x1 ./Core/Src/main.o
                0x200001f0                g_mpr_irq_pending
 *fill*         0x200001f1        0x3 
 .bss.uwTick    0x200001f4        0x4 ./Drivers/STM32F1xx_HAL_Driver/Src/stm32f1xx_hal.o
                0x200001f4                uwTick
 .bss.cfgidx.0  0x200001f8        0x1 ./Middlewares/ST/STM32_USB_Device_Library/Core/Src/usbd_ctlreq.o
 *fill*         0x200001f9        0x3 
 .bss.hUsbDeviceFS
                0x200001fc      0x2c4 ./USB_DEVICE/App/usb_device.o
                0x200001fc                hUsbDeviceFS
 .bss.UserTxBufferFS
                0x200004c0      0x400 ./USB_DEVICE/App/usbd_cdc_if.o
                0x200004c0                UserTxBufferFS
 .bss.UserRxBufferFS
                0x200008c0      0x400 ./USB_DEVICE/App/usbd_cdc_if.o
                0x200008c0                UserRxBufferFS
 .bss.USBD_StrDesc
                0x20000cc0      0x200 ./USB_DEVICE/App/usbd_desc.o
                0x20000cc0                USBD_StrDesc
 .bss.mem.0     0x20000ec0      0x220 ./USB_DEVICE/Target/usbd_conf.o
 .bss.hpcd_USB_FS
                0x200010e0      0x2d8 ./USB_DEVICE/Target/usbd_conf.o
                0x200010e0                hpcd_USB_FS
 *(COMMON)
                0x200013b8                        . = ALIGN (0x4)
                0x200013b8                        _ebss = .
                0x200013b8                        __bss_end__ = _ebss

._user_heap_stack
                0x200013b8      0x600 load address 0x08003f8c
                0x200013b8                        . = ALIGN (0x8)
                [!provide]                        PROVIDE (end = .)
                0x200013b8                        PROVIDE (_end = .)
                0x200015b8                        . = (. + _Min_Heap_Size)
 *fill*         0x200013b8      0x200 
                0x200019b8                        . = (. + _Min_Stack_Size)
 *fill*         0x200015b8      0x400 
                0x200019b8                        . = ALIGN (0x8)

/DISCARD/
 libc.a(*)
 libm.a(*)
 libgcc.a(*)

.ARM.attributes
                0x00000000       0x29
 *(.ARM.attributes)
 .ARM.attributes
                0x00000000       0x1d C:/ST/STM32CubeIDE_1.16.0/STM32CubeIDE/plugins/com.st.stm32cube.ide.mcu.externaltools.gnu-tools-for-stm32.13.3.rel1.win32_1.0.0.202411081344/tools/bin/../lib/gcc/arm-none-eabi/13.3.1/thumb/v7-m/nofp/crti.o
 .ARM.attributes
                0x0000001d       0x2d C:/ST/STM32CubeIDE_1.16.0/STM32CubeIDE/plugins/com.st.stm32cube.ide.mcu.externaltools.gnu-tools-for-stm32.13.3.rel1.win32_1.0.0.202411081344/tools/bin/../lib/gcc/arm-none-eabi/13.3.1/thumb/v7-m/nofp/crtbegin.o
 .ARM.attributes
                0x0000004a       0x2d ./Core/Src/main.o
 .ARM.attributes
                0x00000077       0x2d ./Core/Src/stm32f1xx_hal_msp.o
 .ARM.attributes
                0x000000a4       0x2d ./Core/Src/stm32f1xx_it.o
 .ARM.attributes
                0x000000d1       0x2d ./Core/Src/system_stm32f1xx.o
 .ARM.attributes
                0x000000fe       0x21 ./Core/Startup/startup_stm32f103c6tx.o
 .ARM.attributes
                0x0000011f       0x2d ./Drivers/STM32F1xx_HAL_Driver/Src/stm32f1xx_hal.o
 .ARM.attributes
                0x0000014c       0x2d ./Drivers/STM32F1xx_HAL_Driver/Src/stm32f1xx_hal_cortex.o
 .ARM.attributes
                0x00000179       0x2d ./Drivers/STM32F1xx_HAL_Driver/Src/stm32f1xx_hal_gpio.o
 .ARM.attributes
                0x000001a6       0x2d ./Drivers/STM32F1xx_HAL_Driver/Src/stm32f1xx_hal_i2c.o
 .ARM.attributes
                0x000001d3       0x2d ./Drivers/STM32F1xx_HAL_Driver/Src/stm32f1xx_hal_pcd.o
 .ARM.attributes
                0x00000200       0x2d ./Drivers/STM32F1xx_HAL_Driver/Src/stm32f1xx_hal_pcd_ex.o
 .ARM.attributes
                0x0000022d       0x2d ./Drivers/STM32F1xx_HAL_Driver/Src/stm32f1xx_hal_rcc.o
 .ARM.attributes
                0x0000025a       0x2d ./Drivers/STM32F1xx_HAL_Driver/Src/stm32f1xx_hal_rcc_ex.o
 .ARM.attributes
                0x00000287       0x2d ./Drivers/STM32F1xx_HAL_Driver/Src/stm32f1xx_ll_usb.o
 .ARM.attributes
                0x000002b4       0x2d ./Middlewares/ST/STM32_USB_Device_Library/Class/CDC/Src/usbd_cdc.o
 .ARM.attributes
                0x000002e1       0x2d ./Middlewares/ST/STM32_USB_Device_Library/Core/Src/usbd_core.o
 .ARM.attributes
                0x0000030e       0x2d ./Middlewares/ST/STM32_USB_Device_Library/Core/Src/usbd_ctlreq.o
 .ARM.attributes
                0x0000033b       0x2d ./Middlewares/ST/STM32_USB_Device_Library/Core/Src/usbd_ioreq.o
 .ARM.attributes
                0x00000368       0x2d ./USB_DEVICE/App/usb_device.o
 .ARM.attributes
                0x00000395       0x2d ./USB_DEVICE/App/usbd_cdc_if.o
 .ARM.attributes
                0x000003c2       0x2d ./USB_DEVICE/App/usbd_desc.o
 .ARM.attributes
                0x000003ef       0x2d ./USB_DEVICE/Target/usbd_conf.o
 .ARM.attributes
                0x0000041c       0x2d C:/ST/STM32CubeIDE_1.16.0/STM32CubeIDE/plugins/com.st.stm32cube.ide.mcu.externaltools.gnu-tools-for-stm32.13.3.rel1.win32_1.0.0.202411081344/tools/bin/../lib/gcc/arm-none-eabi/13.3.1/../../../../arm-none-eabi/lib/thumb/v7-m/nofp\libc_nano.a(libc_a-memset.o)
 .ARM.attributes
                0x00000449       0x2d C:/ST/STM32CubeIDE_1.16.0/STM32CubeIDE/plugins/com.st.stm32cube.ide.mcu.externaltools.gnu-tools-for-stm32.13.3.rel1.win32_1.0.0.202411081344/tools/bin/../lib/gcc/arm-none-eabi/13.3.1/../../../../arm-none-eabi/lib/thumb/v7-m/nofp\libc_nano.a(libc_a-init.o)
 .ARM.attributes
                0x00000476       0x17 C:/ST/STM32CubeIDE_1.16.0/STM32CubeIDE/plugins/com.st.stm32cube.ide.mcu.externaltools.gnu-tools-for-stm32.13.3.rel1.win32_1.0.0.202411081344/tools/bin/../lib/gcc/arm-none-eabi/13.3.1/../../../../arm-none-eabi/lib/thumb/v7-m/nofp\libc_nano.a(libc_a-strlen.o)
 .ARM.attributes
                0x0000048d       0x1d C:/ST/STM32CubeIDE_1.16.0/STM32CubeIDE/plugins/com.st.stm32cube.ide.mcu.externaltools.gnu-tools-for-stm32.13.3.rel1.win32_1.0.0.202411081344/tools/bin/../lib/gcc/arm-none-eabi/13.3.1/thumb/v7-m/nofp/crtn.o
OUTPUT(sender.elf elf32-littlearm)
LOAD linker stubs
LOAD C:/ST/STM32CubeIDE_1.16.0/STM32CubeIDE/plugins/com.st.stm32cube.ide.mcu.externaltools.gnu-tools-for-stm32.13.3.rel1.win32_1.0.0.202411081344/tools/bin/../lib/gcc/arm-none-eabi/13.3.1/../../../../arm-none-eabi/lib/thumb/v7-m/nofp\libc.a
LOAD C:/ST/STM32CubeIDE_1.16.0/STM32CubeIDE/plugins/com.st.stm32cube.ide.mcu.externaltools.gnu-tools-for-stm32.13.3.rel1.win32_1.0.0.202411081344/tools/bin/../lib/gcc/arm-none-eabi/13.3.1/../../../../arm-none-eabi/lib/thumb/v7-m/nofp\libm.a
LOAD C:/ST/STM32CubeIDE_1.16.0/STM32CubeIDE/plugins/com.st.stm32cube.ide.mcu.externaltools.gnu-tools-for-stm32.13.3.rel1.win32_1.0.0.202411081344/tools/bin/../lib/gcc/arm-none-eabi/13.3.1/thumb/v7-m/nofp\libgcc.a

.debug_info     0x00000000    0x13680
 .debug_info    0x00000000     0x17a5 ./Core/Src/main.o
 .debug_info    0x000017a5      0x8c3 ./Core/Src/stm32f1xx_hal_msp.o
 .debug_info    0x00002068      0x676 ./Core/Src/stm32f1xx_it.o
 .debug_info    0x000026de      0x231 ./Core/Src/system_stm32f1xx.o
 .debug_info    0x0000290f       0x30 ./Core/Startup/startup_stm32f103c6tx.o
 .debug_info    0x0000293f      0x7be ./Drivers/STM32F1xx_HAL_Driver/Src/stm32f1xx_hal.o
 .debug_info    0x000030fd      0xccf ./Drivers/STM32F1xx_HAL_Driver/Src/stm32f1xx_hal_cortex.o
 .debug_info    0x00003dcc      0x612 ./Drivers/STM32F1xx_HAL_Driver/Src/stm32f1xx_hal_gpio.o
 .debug_info    0x000043de     0x38bc ./Drivers/STM32F1xx_HAL_Driver/Src/stm32f1xx_hal_i2c.o
 .debug_info    0x00007c9a     0x22fb ./Drivers/STM32F1xx_HAL_Driver/Src/stm32f1xx_hal_pcd.o
 .debug_info    0x00009f95      0x6c8 ./Drivers/STM32F1xx_HAL_Driver/Src/stm32f1xx_hal_pcd_ex.o
 .debug_info    0x0000a65d      0x9fb ./Drivers/STM32F1xx_HAL_Driver/Src/stm32f1xx_hal_rcc.o
 .debug_info    0x0000b058      0x420 ./Drivers/STM32F1xx_HAL_Driver/Src/stm32f1xx_hal_rcc_ex.o
 .debug_info    0x0000b478     0x1956 ./Drivers/STM32F1xx_HAL_Driver/Src/stm32f1xx_ll_usb.o
 .debug_info    0x0000cdce     0x12c9 ./Middlewares/ST/STM32_USB_Device_Library/Class/CDC/Src/usbd_cdc.o
 .debug_info    0x0000e097      0xdc0 ./Middlewares/ST/STM32_USB_Device_Library/Core/Src/usbd_core.o
 .debug_info    0x0000ee57      0xd6e ./Middlewares/ST/STM32_USB_Device_Library/Core/Src/usbd_ctlreq.o
 .debug_info    0x0000fbc5      0x838 ./Middlewares/ST/STM32_USB_Device_Library/Core/Src/usbd_ioreq.o
 .debug_info    0x000103fd      0x6c3 ./USB_DEVICE/App/usb_device.o
 .debug_info    0x00010ac0      0x8ac ./USB_DEVICE/App/usbd_cdc_if.o
 .debug_info    0x0001136c      0x642 ./USB_DEVICE/App/usbd_desc.o
 .debug_info    0x000119ae     0x1cd2 ./USB_DEVICE/Target/usbd_conf.o

.debug_abbrev   0x00000000     0x399f
 .debug_abbrev  0x00000000      0x4b8 ./Core/Src/main.o
 .debug_abbrev  0x000004b8      0x1e2 ./Core/Src/stm32f1xx_hal_msp.o
 .debug_abbrev  0x0000069a      0x211 ./Core/Src/stm32f1xx_it.o
 .debug_abbrev  0x000008ab      0x145 ./Core/Src/system_stm32f1xx.o
 .debug_abbrev  0x000009f0       0x24 ./Core/Startup/startup_stm32f103c6tx.o
 .debug_abbrev  0x00000a14      0x272 ./Drivers/STM32F1xx_HAL_Driver/Src/stm32f1xx_hal.o
 .debug_abbrev  0x00000c86      0x36b ./Drivers/STM32F1xx_HAL_Driver/Src/stm32f1xx_hal_cortex.o
 .debug_abbrev  0x00000ff1      0x200 ./Drivers/STM32F1xx_HAL_Driver/Src/stm32f1xx_hal_gpio.o
 .debug_abbrev  0x000011f1      0x446 ./Drivers/STM32F1xx_HAL_Driver/Src/stm32f1xx_hal_i2c.o
 .debug_abbrev  0x00001637      0x419 ./Drivers/STM32F1xx_HAL_Driver/Src/stm32f1xx_hal_pcd.o
 .debug_abbrev  0x00001a50      0x1d3 ./Drivers/STM32F1xx_HAL_Driver/Src/stm32f1xx_hal_pcd_ex.o
 .debug_abbrev  0x00001c23      0x2ff ./Drivers/STM32F1xx_HAL_Driver/Src/stm32f1xx_hal_rcc.o
 .debug_abbrev  0x00001f22      0x1d8 ./Drivers/STM32F1xx_HAL_Driver/Src/stm32f1xx_hal_rcc_ex.o
 .debug_abbrev  0x000020fa      0x29c ./Drivers/STM32F1xx_HAL_Driver/Src/stm32f1xx_ll_usb.o
 .debug_abbrev  0x00002396      0x335 ./Middlewares/ST/STM32_USB_Device_Library/Class/CDC/Src/usbd_cdc.o
 .debug_abbrev  0x000026cb      0x2f4 ./Middlewares/ST/STM32_USB_Device_Library/Core/Src/usbd_core.o
 .debug_abbrev  0x000029bf      0x3a8 ./Middlewares/ST/STM32_USB_Device_Library/Core/Src/usbd_ctlreq.o
 .debug_abbrev  0x00002d67      0x1b6 ./Middlewares/ST/STM32_USB_Device_Library/Core/Src/usbd_ioreq.o
 .debug_abbrev  0x00002f1d      0x1b6 ./USB_DEVICE/App/usb_device.o
 .debug_abbrev  0x000030d3      0x29f ./USB_DEVICE/App/usbd_cdc_if.o
 .debug_abbrev  0x00003372      0x2d3 ./USB_DEVICE/App/usbd_desc.o
 .debug_abbrev  0x00003645      0x35a ./USB_DEVICE/Target/usbd_conf.o

.debug_loclists
                0x00000000     0x7be7
 .debug_loclists
                0x00000000      0x10c ./Core/Src/main.o
 .debug_loclists
                0x0000010c       0x5f ./Core/Src/stm32f1xx_hal_msp.o
 .debug_loclists
                0x0000016b       0xac ./Core/Src/system_stm32f1xx.o
 .debug_loclists
                0x00000217       0xd5 ./Drivers/STM32F1xx_HAL_Driver/Src/stm32f1xx_hal.o
 .debug_loclists
                0x000002ec      0x3cb ./Drivers/STM32F1xx_HAL_Driver/Src/stm32f1xx_hal_cortex.o
 .debug_loclists
                0x000006b7      0x2dd ./Drivers/STM32F1xx_HAL_Driver/Src/stm32f1xx_hal_gpio.o
 .debug_loclists
                0x00000994     0x257b ./Drivers/STM32F1xx_HAL_Driver/Src/stm32f1xx_hal_i2c.o
 .debug_loclists
                0x00002f0f     0x127c ./Drivers/STM32F1xx_HAL_Driver/Src/stm32f1xx_hal_pcd.o
 .debug_loclists
                0x0000418b      0x484 ./Drivers/STM32F1xx_HAL_Driver/Src/stm32f1xx_hal_pcd_ex.o
 .debug_loclists
                0x0000460f      0x41d ./Drivers/STM32F1xx_HAL_Driver/Src/stm32f1xx_hal_rcc.o
 .debug_loclists
                0x00004a2c      0x270 ./Drivers/STM32F1xx_HAL_Driver/Src/stm32f1xx_hal_rcc_ex.o
 .debug_loclists
                0x00004c9c     0x11c4 ./Drivers/STM32F1xx_HAL_Driver/Src/stm32f1xx_ll_usb.o
 .debug_loclists
                0x00005e60      0x4a7 ./Middlewares/ST/STM32_USB_Device_Library/Class/CDC/Src/usbd_cdc.o
 .debug_loclists
                0x00006307      0x576 ./Middlewares/ST/STM32_USB_Device_Library/Core/Src/usbd_core.o
 .debug_loclists
                0x0000687d      0x6cd ./Middlewares/ST/STM32_USB_Device_Library/Core/Src/usbd_ctlreq.o
 .debug_loclists
                0x00006f4a      0x214 ./Middlewares/ST/STM32_USB_Device_Library/Core/Src/usbd_ioreq.o
 .debug_loclists
                0x0000715e       0xef ./USB_DEVICE/App/usbd_cdc_if.o
 .debug_loclists
                0x0000724d      0x284 ./USB_DEVICE/App/usbd_desc.o
 .debug_loclists
                0x000074d1      0x716 ./USB_DEVICE/Target/usbd_conf.o

.debug_aranges  0x00000000      0xbc8
 .debug_aranges
                0x00000000       0x38 ./Core/Src/main.o
 .debug_aranges
                0x00000038       0x30 ./Core/Src/stm32f1xx_hal_msp.o
 .debug_aranges
                0x00000068       0x78 ./Core/Src/stm32f1xx_it.o
 .debug_aranges
                0x000000e0       0x28 ./Core/Src/system_stm32f1xx.o
 .debug_aranges
                0x00000108       0x28 ./Core/Startup/startup_stm32f103c6tx.o
 .debug_aranges
                0x00000130       0xe0 ./Drivers/STM32F1xx_HAL_Driver/Src/stm32f1xx_hal.o
 .debug_aranges
                0x00000210       0x90 ./Drivers/STM32F1xx_HAL_Driver/Src/stm32f1xx_hal_cortex.o
 .debug_aranges
                0x000002a0       0x58 ./Drivers/STM32F1xx_HAL_Driver/Src/stm32f1xx_hal_gpio.o
 .debug_aranges
                0x000002f8      0x208 ./Drivers/STM32F1xx_HAL_Driver/Src/stm32f1xx_hal_i2c.o
 .debug_aranges
                0x00000500      0x128 ./Drivers/STM32F1xx_HAL_Driver/Src/stm32f1xx_hal_pcd.o
 .debug_aranges
                0x00000628       0x38 ./Drivers/STM32F1xx_HAL_Driver/Src/stm32f1xx_hal_pcd_ex.o
 .debug_aranges
                0x00000660       0x88 ./Drivers/STM32F1xx_HAL_Driver/Src/stm32f1xx_hal_rcc.o
 .debug_aranges
                0x000006e8       0x30 ./Drivers/STM32F1xx_HAL_Driver/Src/stm32f1xx_hal_rcc_ex.o
 .debug_aranges
                0x00000718       0xf8 ./Drivers/STM32F1xx_HAL_Driver/Src/stm32f1xx_ll_usb.o
 .debug_aranges
                0x00000810       0x90 ./Middlewares/ST/STM32_USB_Device_Library/Class/CDC/Src/usbd_cdc.o
 .debug_aranges
                0x000008a0       0xb8 ./Middlewares/ST/STM32_USB_Device_Library/Core/Src/usbd_core.o
 .debug_aranges
                0x00000958       0x50 ./Middlewares/ST/STM32_USB_Device_Library/Core/Src/usbd_ctlreq.o
 .debug_aranges
                0x000009a8       0x50 ./Middlewares/ST/STM32_USB_Device_Library/Core/Src/usbd_ioreq.o
 .debug_aranges
                0x000009f8       0x20 ./USB_DEVICE/App/usb_device.o
 .debug_aranges
                0x00000a18       0x40 ./USB_DEVICE/App/usbd_cdc_if.o
 .debug_aranges
                0x00000a58       0x58 ./USB_DEVICE/App/usbd_desc.o
 .debug_aranges
                0x00000ab0      0x118 ./USB_DEVICE/Target/usbd_conf.o

.debug_rnglists
                0x00000000      0xfc5
 .debug_rnglists
                0x00000000       0xce ./Core/Src/main.o
 .debug_rnglists
                0x000000ce       0x55 ./Core/Src/stm32f1xx_hal_msp.o
 .debug_rnglists
                0x00000123       0x55 ./Core/Src/stm32f1xx_it.o
 .debug_rnglists
                0x00000178       0x19 ./Core/Src/system_stm32f1xx.o
 .debug_rnglists
                0x00000191       0x19 ./Core/Startup/startup_stm32f103c6tx.o
 .debug_rnglists
                0x000001aa       0xa3 ./Drivers/STM32F1xx_HAL_Driver/Src/stm32f1xx_hal.o
 .debug_rnglists
                0x0000024d       0xd3 ./Drivers/STM32F1xx_HAL_Driver/Src/stm32f1xx_hal_cortex.o
 .debug_rnglists
                0x00000320       0x51 ./Drivers/STM32F1xx_HAL_Driver/Src/stm32f1xx_hal_gpio.o
 .debug_rnglists
                0x00000371      0x38c ./Drivers/STM32F1xx_HAL_Driver/Src/stm32f1xx_hal_i2c.o
 .debug_rnglists
                0x000006fd      0x1d1 ./Drivers/STM32F1xx_HAL_Driver/Src/stm32f1xx_hal_pcd.o
 .debug_rnglists
                0x000008ce       0x25 ./Drivers/STM32F1xx_HAL_Driver/Src/stm32f1xx_hal_pcd_ex.o
 .debug_rnglists
                0x000008f3       0x85 ./Drivers/STM32F1xx_HAL_Driver/Src/stm32f1xx_hal_rcc.o
 .debug_rnglists
                0x00000978       0x3f ./Drivers/STM32F1xx_HAL_Driver/Src/stm32f1xx_hal_rcc_ex.o
 .debug_rnglists
                0x000009b7      0x2ee ./Drivers/STM32F1xx_HAL_Driver/Src/stm32f1xx_ll_usb.o
 .debug_rnglists
                0x00000ca5       0x69 ./Middlewares/ST/STM32_USB_Device_Library/Class/CDC/Src/usbd_cdc.o
 .debug_rnglists
                0x00000d0e       0x86 ./Middlewares/ST/STM32_USB_Device_Library/Core/Src/usbd_core.o
 .debug_rnglists
                0x00000d94       0x7b ./Middlewares/ST/STM32_USB_Device_Library/Core/Src/usbd_ctlreq.o
 .debug_rnglists
                0x00000e0f       0x37 ./Middlewares/ST/STM32_USB_Device_Library/Core/Src/usbd_ioreq.o
 .debug_rnglists
                0x00000e46       0x13 ./USB_DEVICE/App/usb_device.o
 .debug_rnglists
                0x00000e59       0x2b ./USB_DEVICE/App/usbd_cdc_if.o
 .debug_rnglists
                0x00000e84       0x61 ./USB_DEVICE/App/usbd_desc.o
 .debug_rnglists
                0x00000ee5       0xe0 ./USB_DEVICE/Target/usbd_conf.o

.debug_macro    0x00000000    0x192ee
 .debug_macro   0x00000000      0x3fb ./Core/Src/main.o
 .debug_macro   0x000003fb      0xad2 ./Core/Src/main.o
 .debug_macro   0x00000ecd      0x21b ./Core/Src/main.o
 .debug_macro   0x000010e8       0x2e ./Core/Src/main.o
 .debug_macro   0x00001116       0x22 ./Core/Src/main.o
 .debug_macro   0x00001138       0x22 ./Core/Src/main.o
 .debug_macro   0x0000115a       0x8e ./Core/Src/main.o
 .debug_macro   0x000011e8       0x51 ./Core/Src/main.o
 .debug_macro   0x00001239      0x103 ./Core/Src/main.o
 .debug_macro   0x0000133c       0x6a ./Core/Src/main.o
 .debug_macro   0x000013a6      0x1df ./Core/Src/main.o
 .debug_macro   0x00001585       0x1c ./Core/Src/main.o
 .debug_macro   0x000015a1       0x22 ./Core/Src/main.o
 .debug_macro   0x000015c3       0xbd ./Core/Src/main.o
 .debug_macro   0x00001680      0xd23 ./Core/Src/main.o
 .debug_macro   0x000023a3     0xde75 ./Core/Src/main.o
 .debug_macro   0x00010218       0x6d ./Core/Src/main.o
 .debug_macro   0x00010285     0x34a2 ./Core/Src/main.o
 .debug_macro   0x00013727      0x190 ./Core/Src/main.o
 .debug_macro   0x000138b7       0x5c ./Core/Src/main.o
 .debug_macro   0x00013913      0x5bc ./Core/Src/main.o
 .debug_macro   0x00013ecf      0x1b7 ./Core/Src/main.o
 .debug_macro   0x00014086      0x1cb ./Core/Src/main.o
 .debug_macro   0x00014251      0x114 ./Core/Src/main.o
 .debug_macro   0x00014365      0x1b2 ./Core/Src/main.o
 .debug_macro   0x00014517       0x27 ./Core/Src/main.o
 .debug_macro   0x0001453e      0x12f ./Core/Src/main.o
 .debug_macro   0x0001466d      0x1bc ./Core/Src/main.o
 .debug_macro   0x00014829       0x34 ./Core/Src/main.o
 .debug_macro   0x0001485d       0x3c ./Core/Src/main.o
 .debug_macro   0x00014899       0x57 ./Core/Src/main.o
 .debug_macro   0x000148f0       0x87 ./Core/Src/main.o
 .debug_macro   0x00014977      0x183 ./Core/Src/main.o
 .debug_macro   0x00014afa      0x287 ./Core/Src/main.o
 .debug_macro   0x00014d81      0x140 ./Core/Src/main.o
 .debug_macro   0x00014ec1       0xb7 ./Core/Src/main.o
 .debug_macro   0x00014f78      0x242 ./Core/Src/main.o
 .debug_macro   0x000151ba       0x69 ./Core/Src/main.o
 .debug_macro   0x00015223       0x61 ./Core/Src/main.o
 .debug_macro   0x00015284       0x24 ./Core/Src/main.o
 .debug_macro   0x000152a8       0x43 ./Core/Src/main.o
 .debug_macro   0x000152eb       0x34 ./Core/Src/main.o
 .debug_macro   0x0001531f       0x16 ./Core/Src/main.o
 .debug_macro   0x00015335       0x3c ./Core/Src/main.o
 .debug_macro   0x00015371      0x370 ./Core/Src/main.o
 .debug_macro   0x000156e1       0x10 ./Core/Src/main.o
 .debug_macro   0x000156f1       0x16 ./Core/Src/main.o
 .debug_macro   0x00015707       0x4a ./Core/Src/main.o
 .debug_macro   0x00015751       0x34 ./Core/Src/main.o
 .debug_macro   0x00015785       0x10 ./Core/Src/main.o
 .debug_macro   0x00015795       0x58 ./Core/Src/main.o
 .debug_macro   0x000157ed       0x8e ./Core/Src/main.o
 .debug_macro   0x0001587b       0x1c ./Core/Src/main.o
 .debug_macro   0x00015897      0x185 ./Core/Src/main.o
 .debug_macro   0x00015a1c       0x16 ./Core/Src/main.o
 .debug_macro   0x00015a32       0x16 ./Core/Src/main.o
 .debug_macro   0x00015a48      0x146 ./Core/Src/main.o
 .debug_macro   0x00015b8e       0x16 ./Core/Src/main.o
 .debug_macro   0x00015ba4       0x16 ./Core/Src/main.o
 .debug_macro   0x00015bba       0x29 ./Core/Src/main.o
 .debug_macro   0x00015be3       0x16 ./Core/Src/main.o
 .debug_macro   0x00015bf9       0x20 ./Core/Src/main.o
 .debug_macro   0x00015c19       0x5f ./Core/Src/main.o
 .debug_macro   0x00015c78      0x1c8 ./Core/Src/main.o
 .debug_macro   0x00015e40       0x8f ./Core/Src/main.o
 .debug_macro   0x00015ecf       0x10 ./Core/Src/main.o
 .debug_macro   0x00015edf       0x22 ./Core/Src/main.o
 .debug_macro   0x00015f01      0x1ba ./Core/Src/stm32f1xx_hal_msp.o
 .debug_macro   0x000160bb      0x1c4 ./Core/Src/stm32f1xx_it.o
 .debug_macro   0x0001627f      0x1b0 ./Core/Src/system_stm32f1xx.o
 .debug_macro   0x0001642f      0x1d4 ./Drivers/STM32F1xx_HAL_Driver/Src/stm32f1xx_hal.o
 .debug_macro   0x00016603      0x1b0 ./Drivers/STM32F1xx_HAL_Driver/Src/stm32f1xx_hal_cortex.o
 .debug_macro   0x000167b3      0x21b ./Drivers/STM32F1xx_HAL_Driver/Src/stm32f1xx_hal_gpio.o
 .debug_macro   0x000169ce      0x1fe ./Drivers/STM32F1xx_HAL_Driver/Src/stm32f1xx_hal_i2c.o
 .debug_macro   0x00016bcc      0x1bc ./Drivers/STM32F1xx_HAL_Driver/Src/stm32f1xx_hal_pcd.o
 .debug_macro   0x00016d88      0x1b0 ./Drivers/STM32F1xx_HAL_Driver/Src/stm32f1xx_hal_pcd_ex.o
 .debug_macro   0x00016f38      0x1c2 ./Drivers/STM32F1xx_HAL_Driver/Src/stm32f1xx_hal_rcc.o
 .debug_macro   0x000170fa      0x1b0 ./Drivers/STM32F1xx_HAL_Driver/Src/stm32f1xx_hal_rcc_ex.o
 .debug_macro   0x000172aa      0x1b0 ./Drivers/STM32F1xx_HAL_Driver/Src/stm32f1xx_ll_usb.o
 .debug_macro   0x0001745a      0x349 ./Middlewares/ST/STM32_USB_Device_Library/Class/CDC/Src/usbd_cdc.o
 .debug_macro   0x000177a3       0x9e ./Middlewares/ST/STM32_USB_Device_Library/Class/CDC/Src/usbd_cdc.o
 .debug_macro   0x00017841      0x112 ./Middlewares/ST/STM32_USB_Device_Library/Class/CDC/Src/usbd_cdc.o
 .debug_macro   0x00017953       0x56 ./Middlewares/ST/STM32_USB_Device_Library/Class/CDC/Src/usbd_cdc.o
 .debug_macro   0x000179a9      0x330 ./Middlewares/ST/STM32_USB_Device_Library/Core/Src/usbd_core.o
 .debug_macro   0x00017cd9      0x1ce ./Middlewares/ST/STM32_USB_Device_Library/Core/Src/usbd_core.o
 .debug_macro   0x00017ea7      0x33a ./Middlewares/ST/STM32_USB_Device_Library/Core/Src/usbd_ctlreq.o
 .debug_macro   0x000181e1      0x336 ./Middlewares/ST/STM32_USB_Device_Library/Core/Src/usbd_ioreq.o
 .debug_macro   0x00018517      0x36f ./USB_DEVICE/App/usb_device.o
 .debug_macro   0x00018886       0x22 ./USB_DEVICE/App/usb_device.o
 .debug_macro   0x000188a8       0x16 ./USB_DEVICE/App/usb_device.o
 .debug_macro   0x000188be      0x354 ./USB_DEVICE/App/usbd_cdc_if.o
 .debug_macro   0x00018c12      0x36d ./USB_DEVICE/App/usbd_desc.o
 .debug_macro   0x00018f7f       0x1c ./USB_DEVICE/App/usbd_desc.o
 .debug_macro   0x00018f9b      0x353 ./USB_DEVICE/Target/usbd_conf.o

.debug_line     0x00000000    0x15c12
 .debug_line    0x00000000      0xdf4 ./Core/Src/main.o
 .debug_line    0x00000df4      0x7db ./Core/Src/stm32f1xx_hal_msp.o
 .debug_line    0x000015cf      0x824 ./Core/Src/stm32f1xx_it.o
 .debug_line    0x00001df3      0x798 ./Core/Src/system_stm32f1xx.o
 .debug_line    0x0000258b       0x78 ./Core/Startup/startup_stm32f103c6tx.o
 .debug_line    0x00002603      0xa4c ./Drivers/STM32F1xx_HAL_Driver/Src/stm32f1xx_hal.o
 .debug_line    0x0000304f      0xbfb ./Drivers/STM32F1xx_HAL_Driver/Src/stm32f1xx_hal_cortex.o
 .debug_line    0x00003c4a      0xac2 ./Drivers/STM32F1xx_HAL_Driver/Src/stm32f1xx_hal_gpio.o
 .debug_line    0x0000470c     0x5589 ./Drivers/STM32F1xx_HAL_Driver/Src/stm32f1xx_hal_i2c.o
 .debug_line    0x00009c95     0x1cf0 ./Drivers/STM32F1xx_HAL_Driver/Src/stm32f1xx_hal_pcd.o
 .debug_line    0x0000b985      0x7b5 ./Drivers/STM32F1xx_HAL_Driver/Src/stm32f1xx_hal_pcd_ex.o
 .debug_line    0x0000c13a     0x1184 ./Drivers/STM32F1xx_HAL_Driver/Src/stm32f1xx_hal_rcc.o
 .debug_line    0x0000d2be      0x9d8 ./Drivers/STM32F1xx_HAL_Driver/Src/stm32f1xx_hal_rcc_ex.o
 .debug_line    0x0000dc96     0x1b0b ./Drivers/STM32F1xx_HAL_Driver/Src/stm32f1xx_ll_usb.o
 .debug_line    0x0000f7a1      0xe73 ./Middlewares/ST/STM32_USB_Device_Library/Class/CDC/Src/usbd_cdc.o
 .debug_line    0x00010614      0xe60 ./Middlewares/ST/STM32_USB_Device_Library/Core/Src/usbd_core.o
 .debug_line    0x00011474      0xf98 ./Middlewares/ST/STM32_USB_Device_Library/Core/Src/usbd_ctlreq.o
 .debug_line    0x0001240c      0xa67 ./Middlewares/ST/STM32_USB_Device_Library/Core/Src/usbd_ioreq.o
 .debug_line    0x00012e73      0xa17 ./USB_DEVICE/App/usb_device.o
 .debug_line    0x0001388a      0xa5c ./USB_DEVICE/App/usbd_cdc_if.o
 .debug_line    0x000142e6      0xb2c ./USB_DEVICE/App/usbd_desc.o
 .debug_line    0x00014e12      0xe00 ./USB_DEVICE/Target/usbd_conf.o

.debug_str      0x00000000    0x84f8e
 .debug_str     0x00000000    0x84f8e ./Core/Src/main.o
                              0x82480 (size before relaxing)
 .debug_str     0x00084f8e    0x7d257 ./Core/Src/stm32f1xx_hal_msp.o
 .debug_str     0x00084f8e    0x7d178 ./Core/Src/stm32f1xx_it.o
 .debug_str     0x00084f8e    0x7cd66 ./Core/Src/system_stm32f1xx.o
 .debug_str     0x00084f8e       0x7c ./Core/Startup/startup_stm32f103c6tx.o
 .debug_str     0x00084f8e    0x7d45f ./Drivers/STM32F1xx_HAL_Driver/Src/stm32f1xx_hal.o
 .debug_str     0x00084f8e    0x7d3ab ./Drivers/STM32F1xx_HAL_Driver/Src/stm32f1xx_hal_cortex.o
 .debug_str     0x00084f8e    0x7d0ec ./Drivers/STM32F1xx_HAL_Driver/Src/stm32f1xx_hal_gpio.o
 .debug_str     0x00084f8e    0x7de2d ./Drivers/STM32F1xx_HAL_Driver/Src/stm32f1xx_hal_i2c.o
 .debug_str     0x00084f8e    0x7d683 ./Drivers/STM32F1xx_HAL_Driver/Src/stm32f1xx_hal_pcd.o
 .debug_str     0x00084f8e    0x7d1e5 ./Drivers/STM32F1xx_HAL_Driver/Src/stm32f1xx_hal_pcd_ex.o
 .debug_str     0x00084f8e    0x7d195 ./Drivers/STM32F1xx_HAL_Driver/Src/stm32f1xx_hal_rcc.o
 .debug_str     0x00084f8e    0x7cee5 ./Drivers/STM32F1xx_HAL_Driver/Src/stm32f1xx_hal_rcc_ex.o
 .debug_str     0x00084f8e    0x7d237 ./Drivers/STM32F1xx_HAL_Driver/Src/stm32f1xx_ll_usb.o
 .debug_str     0x00084f8e    0x81cd2 ./Middlewares/ST/STM32_USB_Device_Library/Class/CDC/Src/usbd_cdc.o
 .debug_str     0x00084f8e    0x81602 ./Middlewares/ST/STM32_USB_Device_Library/Core/Src/usbd_core.o
 .debug_str     0x00084f8e    0x81534 ./Middlewares/ST/STM32_USB_Device_Library/Core/Src/usbd_ctlreq.o
 .debug_str     0x00084f8e    0x81449 ./Middlewares/ST/STM32_USB_Device_Library/Core/Src/usbd_ioreq.o
 .debug_str     0x00084f8e    0x817d4 ./USB_DEVICE/App/usb_device.o
 .debug_str     0x00084f8e    0x817fa ./USB_DEVICE/App/usbd_cdc_if.o
 .debug_str     0x00084f8e    0x81385 ./USB_DEVICE/App/usbd_desc.o
 .debug_str     0x00084f8e    0x82225 ./USB_DEVICE/Target/usbd_conf.o

.comment        0x00000000       0x43
 .comment       0x00000000       0x43 ./Core/Src/main.o
                                 0x44 (size before relaxing)
 .comment       0x00000043       0x44 ./Core/Src/stm32f1xx_hal_msp.o
 .comment       0x00000043       0x44 ./Core/Src/stm32f1xx_it.o
 .comment       0x00000043       0x44 ./Core/Src/system_stm32f1xx.o
 .comment       0x00000043       0x44 ./Drivers/STM32F1xx_HAL_Driver/Src/stm32f1xx_hal.o
 .comment       0x00000043       0x44 ./Drivers/STM32F1xx_HAL_Driver/Src/stm32f1xx_hal_cortex.o
 .comment       0x00000043       0x44 ./Drivers/STM32F1xx_HAL_Driver/Src/stm32f1xx_hal_gpio.o
 .comment       0x00000043       0x44 ./Drivers/STM32F1xx_HAL_Driver/Src/stm32f1xx_hal_i2c.o
 .comment       0x00000043       0x44 ./Drivers/STM32F1xx_HAL_Driver/Src/stm32f1xx_hal_pcd.o
 .comment       0x00000043       0x44 ./Drivers/STM32F1xx_HAL_Driver/Src/stm32f1xx_hal_pcd_ex.o
 .comment       0x00000043       0x44 ./Drivers/STM32F1xx_HAL_Driver/Src/stm32f1xx_hal_rcc.o
 .comment       0x00000043       0x44 ./Drivers/STM32F1xx_HAL_Driver/Src/stm32f1xx_hal_rcc_ex.o
 .comment       0x00000043       0x44 ./Drivers/STM32F1xx_HAL_Driver/Src/stm32f1xx_ll_usb.o
 .comment       0x00000043       0x44 ./Middlewares/ST/STM32_USB_Device_Library/Class/CDC/Src/usbd_cdc.o
 .comment       0x00000043       0x44 ./Middlewares/ST/STM32_USB_Device_Library/Core/Src/usbd_core.o
 .comment       0x00000043       0x44 ./Middlewares/ST/STM32_USB_Device_Library/Core/Src/usbd_ctlreq.o
 .comment       0x00000043       0x44 ./Middlewares/ST/STM32_USB_Device_Library/Core/Src/usbd_ioreq.o
 .comment       0x00000043       0x44 ./USB_DEVICE/App/usb_device.o
 .comment       0x00000043       0x44 ./USB_DEVICE/App/usbd_cdc_if.o
 .comment       0x00000043       0x44 ./USB_DEVICE/App/usbd_desc.o
 .comment       0x00000043       0x44 ./USB_DEVICE/Target/usbd_conf.o

.debug_frame    0x00000000     0x1d34
 .debug_frame   0x00000000       0x80 ./Core/Src/main.o
 .debug_frame   0x00000080       0x68 ./Core/Src/stm32f1xx_hal_msp.o
 .debug_frame   0x000000e8       0xd0 ./Core/Src/stm32f1xx_it.o
 .debug_frame   0x000001b8       0x30 ./Core/Src/system_stm32f1xx.o
 .debug_frame   0x000001e8      0x1d4 ./Drivers/STM32F1xx_HAL_Driver/Src/stm32f1xx_hal.o
 .debug_frame   0x000003bc      0x120 ./Drivers/STM32F1xx_HAL_Driver/Src/stm32f1xx_hal_cortex.o
 .debug_frame   0x000004dc       0xd8 ./Drivers/STM32F1xx_HAL_Driver/Src/stm32f1xx_hal_gpio.o
 .debug_frame   0x000005b4      0x758 ./Drivers/STM32F1xx_HAL_Driver/Src/stm32f1xx_hal_i2c.o
 .debug_frame   0x00000d0c      0x2f8 ./Drivers/STM32F1xx_HAL_Driver/Src/stm32f1xx_hal_pcd.o
 .debug_frame   0x00001004       0x58 ./Drivers/STM32F1xx_HAL_Driver/Src/stm32f1xx_hal_pcd_ex.o
 .debug_frame   0x0000105c      0x13c ./Drivers/STM32F1xx_HAL_Driver/Src/stm32f1xx_hal_rcc.o
 .debug_frame   0x00001198       0x60 ./Drivers/STM32F1xx_HAL_Driver/Src/stm32f1xx_hal_rcc_ex.o
 .debug_frame   0x000011f8      0x218 ./Drivers/STM32F1xx_HAL_Driver/Src/stm32f1xx_ll_usb.o
 .debug_frame   0x00001410      0x160 ./Middlewares/ST/STM32_USB_Device_Library/Class/CDC/Src/usbd_cdc.o
 .debug_frame   0x00001570      0x1c4 ./Middlewares/ST/STM32_USB_Device_Library/Core/Src/usbd_core.o
 .debug_frame   0x00001734       0xcc ./Middlewares/ST/STM32_USB_Device_Library/Core/Src/usbd_ctlreq.o
 .debug_frame   0x00001800       0xb0 ./Middlewares/ST/STM32_USB_Device_Library/Core/Src/usbd_ioreq.o
 .debug_frame   0x000018b0       0x30 ./USB_DEVICE/App/usb_device.o
 .debug_frame   0x000018e0       0x80 ./USB_DEVICE/App/usbd_cdc_if.o
 .debug_frame   0x00001960       0xc4 ./USB_DEVICE/App/usbd_desc.o
 .debug_frame   0x00001a24      0x2c4 ./USB_DEVICE/Target/usbd_conf.o
 .debug_frame   0x00001ce8       0x20 C:/ST/STM32CubeIDE_1.16.0/STM32CubeIDE/plugins/com.st.stm32cube.ide.mcu.externaltools.gnu-tools-for-stm32.13.3.rel1.win32_1.0.0.202411081344/tools/bin/../lib/gcc/arm-none-eabi/13.3.1/../../../../arm-none-eabi/lib/thumb/v7-m/nofp\libc_nano.a(libc_a-memset.o)
 .debug_frame   0x00001d08       0x2c C:/ST/STM32CubeIDE_1.16.0/STM32CubeIDE/plugins/com.st.stm32cube.ide.mcu.externaltools.gnu-tools-for-stm32.13.3.rel1.win32_1.0.0.202411081344/tools/bin/../lib/gcc/arm-none-eabi/13.3.1/../../../../arm-none-eabi/lib/thumb/v7-m/nofp\libc_nano.a(libc_a-init.o)

.debug_line_str
                0x00000000       0x60
 .debug_line_str
                0x00000000       0x60 ./Core/Startup/startup_stm32f103c6tx.o
