../Core/Src/main.c:106:19:usbq_is_empty	16	static
../Core/Src/main.c:110:19:usbq_is_full	16	static
../Core/Src/main.c:115:12:usbq_push	32	static
../Core/Src/main.c:133:12:usbq_pop	24	static
../Core/Src/main.c:157:13:usb_wait_configured	8	static
../Core/Src/main.c:169:13:send_bytes	16	static
../Core/Src/main.c:173:6:HAL_GPIO_EXTI_Callback	16	static
../Core/Src/main.c:182:6:NRF_Configure_Handles	4	static
../Core/Src/main.c:206:5:main	56	static
../Core/Src/main.c:343:6:SystemClock_Config	88	static
../Core/Src/main.c:390:13:MX_SPI1_Init	8	static
../Core/Src/main.c:428:13:MX_SPI2_Init	8	static
../Core/Src/main.c:466:13:MX_GPIO_Init	40	static
../Core/Src/main.c:541:6:Error_Handler	4	static,ignoring_inline_asm
