../Core/Src/main.c:106:19:usbq_is_empty	1
../Core/Src/main.c:110:19:usbq_is_full	1
../Core/Src/main.c:115:12:usbq_push	4
../Core/Src/main.c:133:12:usbq_pop	2
../Core/Src/main.c:157:13:usb_wait_configured	2
../Core/Src/main.c:169:13:send_bytes	2
../Core/Src/main.c:173:6:HAL_GPIO_EXTI_Callback	3
../Core/Src/main.c:182:6:NRF_Configure_Handles	1
../Core/Src/main.c:206:5:main	7
../Core/Src/main.c:343:6:SystemClock_Config	4
../Core/Src/main.c:390:13:MX_SPI1_Init	2
../Core/Src/main.c:428:13:MX_SPI2_Init	2
../Core/Src/main.c:466:13:MX_GPIO_Init	1
../Core/Src/main.c:541:6:Error_Handler	1
