../Core/Src/main.c:90:13:usb_wait_configured	8	static
../Core/Src/main.c:98:13:send_bytes	16	static
../Core/Src/main.c:114:6:HAL_GPIO_EXTI_Callback	16	static
../Core/Src/main.c:125:6:NRF_Configure_Handles	4	static
../Core/Src/main.c:149:5:main	48	static
../Core/Src/main.c:242:6:SystemClock_Config	88	static
../Core/Src/main.c:289:13:MX_SPI1_Init	8	static
../Core/Src/main.c:327:13:MX_SPI2_Init	8	static
../Core/Src/main.c:365:13:MX_GPIO_Init	40	static
../Core/Src/main.c:440:6:Error_Handler	4	static,ignoring_inline_asm
