../Core/Src/main.c:92:13:usb_wait_configured	8	static
../Core/Src/main.c:100:13:send_bytes	16	static
../Core/Src/main.c:116:6:HAL_GPIO_EXTI_Callback	16	static
../Core/Src/main.c:127:6:NRF_Configure_Handles	4	static
../Core/Src/main.c:151:5:main	48	static
../Core/Src/main.c:270:6:SystemClock_Config	88	static
../Core/Src/main.c:317:13:MX_SPI1_Init	8	static
../Core/Src/main.c:355:13:MX_SPI2_Init	8	static
../Core/Src/main.c:393:13:MX_GPIO_Init	40	static
../Core/Src/main.c:468:6:Error_Handler	4	static,ignoring_inline_asm
