../Core/Src/main.c:107:26:MPR121_Write8	32	static
../Core/Src/main.c:112:26:MPR121_ReadN	32	static
../Core/Src/main.c:117:17:MPR121_ReadTouchedMask	16	static
../Core/Src/main.c:124:13:MPR121_Init	16	static
../Core/Src/main.c:155:5:main	16	static
../Core/Src/main.c:229:6:SystemClock_Config	72	static
../Core/Src/main.c:269:13:MX_I2C1_Init	8	static
../Core/Src/main.c:303:13:MX_SPI1_Init	8	static
../Core/Src/main.c:341:13:MX_GPIO_Init	40	static
../Core/Src/main.c:416:6:Error_Handler	4	static,ignoring_inline_asm
