../Core/Src/main.c:161:26:MPR121_Write8	32	static
../Core/Src/main.c:166:26:MPR121_ReadN	32	static
../Core/Src/main.c:171:17:MPR121_ReadTouchedMask	16	static
../Core/Src/main.c:178:13:MPR121_Init	16	static
../Core/Src/main.c:200:20:CSN_L	8	static
../Core/Src/main.c:201:20:CSN_H	8	static
../Core/Src/main.c:202:20:CE_L	8	static
../Core/Src/main.c:203:20:CE_H	8	static
../Core/Src/main.c:205:16:spi_txrx	32	static
../Core/Src/main.c:211:13:nrf_write_reg	16	static
../Core/Src/main.c:218:13:nrf_write_buf	24	static
../Core/Src/main.c:227:16:nrf_read_status	16	static
../Core/Src/main.c:234:13:nrf_flush_tx	8	static
../Core/Src/main.c:240:13:nrf_write_payload	24	static
../Core/Src/main.c:250:13:NRF_Init_TX	8	static
../Core/Src/main.c:285:13:NRF_ClearIRQ	8	static
../Core/Src/main.c:291:13:NRF_Send	24	static
../Core/Src/main.c:318:13:SendTouchChanges	24	static
../Core/Src/main.c:343:5:main	16	static
../Core/Src/main.c:414:6:SystemClock_Config	72	static
../Core/Src/main.c:454:13:MX_I2C1_Init	8	static
../Core/Src/main.c:488:13:MX_SPI1_Init	8	static
../Core/Src/main.c:526:13:MX_GPIO_Init	40	static
../Core/Src/main.c:585:6:Error_Handler	4	static,ignoring_inline_asm
