../Core/Src/main.c:108:26:MPR121_Write8	32	static
../Core/Src/main.c:113:26:MPR121_ReadN	32	static
../Core/Src/main.c:118:17:MPR121_ReadTouchedMask	16	static
../Core/Src/main.c:125:13:MPR121_Init	16	static
../Core/Src/main.c:156:5:main	16	static
../Core/Src/main.c:237:6:SystemClock_Config	72	static
../Core/Src/main.c:277:13:MX_I2C1_Init	8	static
../Core/Src/main.c:311:13:MX_SPI1_Init	8	static
../Core/Src/main.c:349:13:MX_GPIO_Init	40	static
../Core/Src/main.c:424:6:Error_Handler	4	static,ignoring_inline_asm
