../Drivers/STM32F3xx_HAL_Driver/Inc/stm32f3xx_ll_gpio.h:498:22:LL_GPIO_SetPinPull	4	static,ignoring_inline_asm
../Drivers/STM32F3xx_HAL_Driver/Inc/stm32f3xx_ll_gpio.h:289:22:LL_GPIO_SetPinMode	4	static,ignoring_inline_asm
../Core/Src/main.c:293:13:MX_GPIO_Init	88	static,ignoring_inline_asm
../Core/Src/main.c:240:13:MX_USART2_UART_Init	80	static
../Core/Src/main.c:184:13:MX_SPI3_Init	80	static
../Core/Src/main.c:139:6:SystemClock_Config	8	static
../Core/Src/main.c:89:5:main	16	static
../Core/Src/main.c:370:6:Error_Handler	0	static
