../Core/Src/main.c:135:26:MPR121_Write8	32	static
../Core/Src/main.c:140:26:MPR121_ReadN	32	static
../Core/Src/main.c:145:17:MPR121_ReadTouchedMask	16	static
../Core/Src/main.c:152:13:MPR121_Init	16	static
../Core/Src/main.c:173:13:NRF_Init_TX	72	static
../Core/Src/main.c:196:13:NRF_Send	24	static
../Core/Src/main.c:203:13:SendTouchChanges	24	static
../Core/Src/main.c:228:5:main	16	static
../Core/Src/main.c:300:6:SystemClock_Config	72	static
../Core/Src/main.c:340:13:MX_I2C1_Init	8	static
../Core/Src/main.c:374:13:MX_SPI1_Init	8	static
../Core/Src/main.c:412:13:MX_GPIO_Init	40	static
../Core/Src/main.c:471:6:Error_Handler	4	static,ignoring_inline_asm
