../Core/Src/main.c:95:13:radios_init	48	static
../Core/Src/main.c:106:13:radio_drain	24	static
../Core/Src/main.c:123:13:usb_wait_configured	8	static
../Core/Src/main.c:131:13:test_send	16	static
../Core/Src/main.c:142:5:main	24	static
../Core/Src/main.c:210:6:SystemClock_Config	88	static
../Core/Src/main.c:257:13:MX_SPI1_Init	8	static
../Core/Src/main.c:295:13:MX_SPI2_Init	8	static
../Core/Src/main.c:333:13:MX_GPIO_Init	40	static
../Core/Src/main.c:408:6:Error_Handler	4	static,ignoring_inline_asm
