../Core/Src/main.c:98:20:usb_send3	2
../Core/Src/main.c:149:13:usb_wait_configured	2
../Core/Src/main.c:157:13:send_bytes	2
../Core/Src/main.c:161:13:test_send	1
../Core/Src/main.c:167:20:CSN_L	1
../Core/Src/main.c:168:20:CSN_H	1
../Core/Src/main.c:169:20:CE_L	1
../Core/Src/main.c:170:20:CE_H	1
../Core/Src/main.c:172:16:spi_xfer	1
../Core/Src/main.c:178:13:reg_write	1
../Core/Src/main.c:185:13:reg_write_buf	2
../Core/Src/main.c:192:16:reg_status	1
../Core/Src/main.c:199:13:flush_rx	1
../Core/Src/main.c:203:13:clear_irqs	1
../Core/Src/main.c:207:13:dpl_enable	1
../Core/Src/main.c:214:13:nrf_prx_init	7
../Core/Src/main.c:266:13:nrf_poll_drain	9
../Core/Src/main.c:302:5:main	2
../Core/Src/main.c:371:6:SystemClock_Config	4
../Core/Src/main.c:418:13:MX_SPI1_Init	2
../Core/Src/main.c:456:13:MX_SPI2_Init	2
../Core/Src/main.c:494:13:MX_GPIO_Init	1
../Core/Src/main.c:556:6:Error_Handler	1
