Date and Time: 2025-09-23 11:02:01
Number of notes: 538 
Number of players: 6 
Parameters: {"gamble":false,"numPlayers":6,"playerExcludeRanges":[[],[],[],[],[],[]],"playerHoldLimits":[2,2,2,2,2,1],"playerOneHandedRolls":[false,false,false,false,false,false],"playerSwitchTimes":[2,2,2,2,2,2],"whackerQuantities":[2,3,5,3,5,5,3,5,3,5,3,5,7,4,4,4,4,4,4,5,4,4,4,4,2,2,2,2,2,2,2,2]} 
Pitches: 48 69 69 71 71 71 71 72 71 71 71 67 67 43 69 69 71 71 71 71 72 71 71 71 67 67 45 69 69 71 71 71 71 72 71 71 71 67 67 43 69 69 71 71 71 71 72 71 71 71 67 67 48 69 69 71 71 71 71 72 71 71 71 67 67 43 69 69 71 71 71 71 72 71 71 71 67 67 45 69 69 71 71 71 71 72 71 71 71 67 67 48 48 67 69 71 48 71 48 67 69 71 43 71 69 43 74 43 43 67 67 38 69 38 74 38 38 66 66 40 66 64 40 40 66 78 64 76 40 67 79 48 52 48 52 67 69 71 48 52 71 48 52 67 69 71 43 47 71 69 43 47 74 43 47 43 47 67 67 38 42 69 38 42 78 38 42 38 42 76 78 40 43 76 76 40 43 78 76 40 43 76 76 40 43 62 69 48 69 48 71 48 62 48 62 69 43 69 43 71 43 43 62 38 69 69 38 69 38 69 69 38 69 40 69 71 40 40 62 40 62 69 48 52 69 48 52 71 48 52 62 48 52 62 69 43 47 69 43 47 71 43 47 43 47 62 38 42 69 69 38 42 69 38 42 69 67 38 42 66 40 43 66 64 64 64 40 43 64 64 64 36 48 52 64 67 72 36 48 52 71 43 47 62 67 43 47 50 55 76 74 50 54 66 69 74 50 54 72 52 55 72 52 55 72 71 71 43 52 66 48 64 36 48 67 48 72 36 48 71 55 62 43 55 67 55 76 43 55 74 38 66 38 45 69 38 74 38 45 50 38 45 50 74 59 71 59 71 64 76 48 64 76 48 76 48 76 71 48 71 74 50 74 50 69 50 72 74 74 50 74 72 72 43 72 71 43 42 72 74 74 42 74 72 72 40 72 71 40 40 69 71 40 67 48 76 48 76 48 79 78 48 76 74 50 74 50 69 50 72 74 74 50 74 72 72 43 72 71 43 42 72 74 74 42 74 72 72 40 72 71 40 40 69 71 40 67 36 48 64 36 48 67 36 48 72 36 48 71 36 48 38 50 62 38 50 67 38 50 76 38 50 74 38 50 43 55 67 43 55 71 42 54 81 42 54 78 79 40 52 79 40 52 40 52 40 52 66 36 48 64 36 48 67 36 48 72 36 48 71 36 48 38 50 62 38 50 67 38 50 76 38 50 74 38 50 43 55 67 43 55 71 42 54 81 42 54 78 79 40 52 79 40 52 40 52 40 52 
Times: 0.000 0.000 0.167 0.333 0.500 0.667 0.833 1.000 1.167 1.333 1.500 1.667 1.833 2.000 2.000 2.167 2.333 2.500 2.667 2.833 3.000 3.167 3.333 3.500 3.667 3.833 4.000 4.000 4.167 4.333 4.500 4.667 4.833 5.000 5.167 5.333 5.500 5.667 5.833 6.000 6.000 6.167 6.333 6.500 6.667 6.833 7.000 7.167 7.333 7.500 7.667 7.833 8.000 8.000 8.167 8.333 8.500 8.667 8.833 9.000 9.167 9.333 9.500 9.667 9.833 10.000 10.000 10.167 10.333 10.500 10.667 10.833 11.000 11.167 11.333 11.500 11.667 11.833 12.000 12.000 12.167 12.333 12.500 12.667 12.833 13.000 13.167 13.333 13.500 13.667 13.833 16.083 16.583 16.583 16.750 16.917 17.083 17.083 17.583 17.583 17.750 17.917 18.083 18.083 18.417 18.583 18.917 19.083 19.583 19.750 19.917 20.083 20.083 20.583 20.917 21.083 21.583 21.750 21.917 22.083 22.083 22.417 22.583 23.083 23.083 23.083 23.417 23.417 23.583 23.750 23.750 24.083 24.083 24.583 24.583 24.583 24.750 24.917 25.083 25.083 25.083 25.583 25.583 25.583 25.750 25.917 26.083 26.083 26.083 26.417 26.583 26.583 26.917 27.083 27.083 27.583 27.583 27.750 27.917 28.083 28.083 28.083 28.583 28.583 28.917 29.083 29.083 29.583 29.583 29.750 29.917 30.083 30.083 30.083 30.417 30.583 30.583 30.583 30.917 31.083 31.083 31.250 31.417 31.583 31.583 31.583 31.917 32.083 32.417 32.583 32.917 33.083 33.417 33.583 33.583 33.917 34.083 34.417 34.583 34.917 35.083 35.583 35.583 36.083 36.083 36.417 36.583 36.750 37.083 37.083 37.417 37.583 37.750 38.083 38.083 38.417 38.583 39.083 39.417 39.583 39.583 39.917 40.083 40.083 40.417 40.583 40.583 40.917 41.083 41.083 41.417 41.583 41.583 41.583 41.917 42.083 42.083 42.417 42.583 42.583 42.917 43.083 43.083 43.583 43.583 43.583 44.083 44.083 44.083 44.417 44.583 44.583 44.750 45.083 45.083 45.083 45.417 45.583 45.583 45.750 46.083 46.083 46.083 46.417 46.750 46.917 47.083 47.083 47.083 47.250 47.583 48.083 48.083 48.083 48.083 48.583 49.083 49.583 49.583 49.583 49.583 50.083 50.083 50.083 50.583 51.083 51.083 51.083 51.083 51.083 51.583 52.083 52.083 52.083 52.583 53.083 53.583 53.583 53.583 53.917 53.917 53.917 54.083 54.083 54.083 54.250 54.583 55.583 55.583 55.583 56.083 56.083 56.583 56.583 56.583 57.083 57.083 57.583 57.583 57.583 58.083 58.083 58.583 58.583 58.583 59.083 59.083 59.583 59.583 59.583 60.083 60.083 60.583 60.583 60.583 61.083 61.083 61.583 61.583 61.583 62.083 62.083 62.083 62.083 63.083 63.083 63.417 63.417 63.750 63.750 64.083 64.083 64.083 64.583 64.583 65.083 65.083 65.417 65.583 65.583 65.917 66.083 66.083 66.583 66.583 67.083 67.083 67.250 67.417 67.583 67.583 67.750 67.917 68.083 68.083 68.417 68.583 69.083 69.083 69.250 69.417 69.583 69.583 69.750 69.917 70.083 70.083 70.417 70.583 71.083 71.083 71.417 71.583 71.750 72.083 72.083 72.583 72.583 73.083 73.083 73.417 73.583 73.583 73.917 74.083 74.083 74.583 74.583 75.083 75.083 75.250 75.417 75.583 75.583 75.750 75.917 76.083 76.083 76.417 76.583 77.083 77.083 77.250 77.417 77.583 77.583 77.750 77.917 78.083 78.083 78.417 78.583 79.083 79.083 79.417 79.583 79.750 80.083 80.083 80.083 80.583 80.583 80.583 81.083 81.083 81.083 81.583 81.583 81.583 81.917 81.917 82.083 82.083 82.083 82.583 82.583 82.583 83.083 83.083 83.083 83.583 83.583 83.583 83.917 83.917 84.083 84.083 84.083 84.583 84.583 84.583 85.083 85.083 85.083 85.583 85.583 85.583 85.917 86.083 86.083 86.083 86.583 86.583 87.083 87.083 87.583 87.583 87.583 88.083 88.083 88.083 88.583 88.583 88.583 89.083 89.083 89.083 89.583 89.583 89.583 89.917 89.917 90.083 90.083 90.083 90.583 90.583 90.583 91.083 91.083 91.083 91.583 91.583 91.583 91.917 91.917 92.083 92.083 92.083 92.583 92.583 92.583 93.083 93.083 93.083 93.583 93.583 93.583 93.917 94.083 94.083 94.083 94.583 94.583 95.083 95.083 95.583 95.583 
Durations: 0 : 2.000 13 : 2.000 26 : 2.000 39 : 2.000 52 : 2.000 65 : 2.000 78 : 2.000 336 : 1.000 343 : 1.000 

Try MRP 48 0 0.000 Try Offload Basic Try Whacker Note assigned to Player 0 Whacker 60 capped 48 
Try MRP 69 1 0.000 Try Offload Basic Try Whacker Note assigned to Player 1 Whacker 69 uncapped 
Try MRP 69 2 0.167 Note assigned to Player 1 MRP 
Try MRP 71 3 0.333 Try Offload Basic Try Whacker Note assigned to Player 2 Whacker 71 uncapped 
Try MRP 71 4 0.500 Note assigned to Player 2 MRP 
Try MRP 71 5 0.667 Note assigned to Player 2 MRP 
Try MRP 71 6 0.833 Note assigned to Player 2 MRP 
Try MRP 72 7 1.000 Try Offload Basic Try Whacker Note assigned to Player 3 Whacker 72 uncapped 
Try MRP 71 8 1.167 Note assigned to Player 2 MRP 
Try MRP 71 9 1.333 Note assigned to Player 2 MRP 
Try MRP 71 10 1.500 Note assigned to Player 2 MRP 
Try MRP 67 11 1.667 Try Offload Basic Try Whacker Note assigned to Player 4 Whacker 67 uncapped 
Try MRP 67 12 1.833 Note assigned to Player 4 MRP 
Try MRP 43 13 2.000 Try Offload Basic Try Whacker Note assigned to Player 5 Whacker 55 capped 43 
Try MRP 69 14 2.000 Note assigned to Player 1 MRP 
Try MRP 69 15 2.167 Note assigned to Player 1 MRP 
Try MRP 71 16 2.333 Note assigned to Player 2 MRP 
Try MRP 71 17 2.500 Note assigned to Player 2 MRP 
Try MRP 71 18 2.667 Note assigned to Player 2 MRP 
Try MRP 71 19 2.833 Note assigned to Player 2 MRP 
Try MRP 72 20 3.000 Note assigned to Player 3 MRP 
Try MRP 71 21 3.167 Note assigned to Player 2 MRP 
Try MRP 71 22 3.333 Note assigned to Player 2 MRP 
Try MRP 71 23 3.500 Note assigned to Player 2 MRP 
Try MRP 67 24 3.667 Note assigned to Player 4 MRP 
Try MRP 67 25 3.833 Note assigned to Player 4 MRP 
Try MRP 45 26 4.000 Try Offload Basic Try Whacker Note assigned to Player 4 Whacker 57 capped 45 
Try MRP 69 27 4.000 Note assigned to Player 1 MRP 
Try MRP 69 28 4.167 Note assigned to Player 1 MRP 
Try MRP 71 29 4.333 Note assigned to Player 2 MRP 
Try MRP 71 30 4.500 Note assigned to Player 2 MRP 
Try MRP 71 31 4.667 Note assigned to Player 2 MRP 
Try MRP 71 32 4.833 Note assigned to Player 2 MRP 
Try MRP 72 33 5.000 Note assigned to Player 3 MRP 
Try MRP 71 34 5.167 Note assigned to Player 2 MRP 
Try MRP 71 35 5.333 Note assigned to Player 2 MRP 
Try MRP 71 36 5.500 Note assigned to Player 2 MRP 
Try MRP 67 37 5.667 Try Offload Basic Try Whacker Note assigned to Player 5 Whacker 67 uncapped 
Try MRP 67 38 5.833 Note assigned to Player 5 MRP 
Try MRP 43 39 6.000 Try Offload Basic Before After Mid Try Whacker Note assigned to Player 3 Whacker 55 capped 43 
Try MRP 69 40 6.000 Note assigned to Player 1 MRP 
Try MRP 69 41 6.167 Note assigned to Player 1 MRP 
Try MRP 71 42 6.333 Note assigned to Player 2 MRP 
Try MRP 71 43 6.500 Note assigned to Player 2 MRP 
Try MRP 71 44 6.667 Note assigned to Player 2 MRP 
Try MRP 71 45 6.833 Note assigned to Player 2 MRP 
Try MRP 72 46 7.000 Try Offload Basic Try Whacker Note assigned to Player 2 Whacker 72 uncapped 
Try MRP 71 47 7.167 Note assigned to Player 2 MRP 
Try MRP 71 48 7.333 Note assigned to Player 2 MRP 
Try MRP 71 49 7.500 Note assigned to Player 2 MRP 
Try MRP 67 50 7.667 Note assigned to Player 5 MRP 
Try MRP 67 51 7.833 Note assigned to Player 5 MRP 
Try MRP 48 52 8.000 Note assigned to Player 0 MRP 
Try MRP 69 53 8.000 Note assigned to Player 1 MRP 
Try MRP 69 54 8.167 Note assigned to Player 1 MRP 
Try MRP 71 55 8.333 Note assigned to Player 2 MRP 
Try MRP 71 56 8.500 Note assigned to Player 2 MRP 
Try MRP 71 57 8.667 Note assigned to Player 2 MRP 
Try MRP 71 58 8.833 Note assigned to Player 2 MRP 
Try MRP 72 59 9.000 Note assigned to Player 2 MRP 
Try MRP 71 60 9.167 Note assigned to Player 2 MRP 
Try MRP 71 61 9.333 Note assigned to Player 2 MRP 
Try MRP 71 62 9.500 Note assigned to Player 2 MRP 
Try MRP 67 63 9.667 Note assigned to Player 5 MRP 
Try MRP 67 64 9.833 Note assigned to Player 5 MRP 
Try MRP 43 65 10.000 Note assigned to Player 3 MRP 
Try MRP 69 66 10.000 Note assigned to Player 1 MRP 
Try MRP 69 67 10.167 Note assigned to Player 1 MRP 
Try MRP 71 68 10.333 Note assigned to Player 2 MRP 
Try MRP 71 69 10.500 Note assigned to Player 2 MRP 
Try MRP 71 70 10.667 Note assigned to Player 2 MRP 
Try MRP 71 71 10.833 Note assigned to Player 2 MRP 
Try MRP 72 72 11.000 Note assigned to Player 2 MRP 
Try MRP 71 73 11.167 Note assigned to Player 2 MRP 
Try MRP 71 74 11.333 Note assigned to Player 2 MRP 
Try MRP 71 75 11.500 Note assigned to Player 2 MRP 
Try MRP 67 76 11.667 Note assigned to Player 5 MRP 
Try MRP 67 77 11.833 Note assigned to Player 5 MRP 
Try MRP 45 78 12.000 Note assigned to Player 4 MRP 
Try MRP 69 79 12.000 Note assigned to Player 1 MRP 
Try MRP 69 80 12.167 Note assigned to Player 1 MRP 
Try MRP 71 81 12.333 Note assigned to Player 2 MRP 
Try MRP 71 82 12.500 Note assigned to Player 2 MRP 
Try MRP 71 83 12.667 Note assigned to Player 2 MRP 
Try MRP 71 84 12.833 Note assigned to Player 2 MRP 
Try MRP 72 85 13.000 Note assigned to Player 2 MRP 
Try MRP 71 86 13.167 Note assigned to Player 2 MRP 
Try MRP 71 87 13.333 Note assigned to Player 2 MRP 
Try MRP 71 88 13.500 Note assigned to Player 2 MRP 
Try MRP 67 89 13.667 Note assigned to Player 5 MRP 
Try MRP 67 90 13.833 Note assigned to Player 5 MRP 
Try MRP 48 91 16.083 Note assigned to Player 0 MRP 
Try MRP 48 92 16.583 Note assigned to Player 0 MRP 
Try MRP 67 93 16.583 Note assigned to Player 5 MRP 
Try MRP 69 94 16.750 Note assigned to Player 1 MRP 
Try MRP 71 95 16.917 Note assigned to Player 2 MRP 
Try MRP 48 96 17.083 Note assigned to Player 0 MRP 
Try MRP 71 97 17.083 Note assigned to Player 2 MRP 
Try MRP 48 98 17.583 Note assigned to Player 0 MRP 
Try MRP 67 99 17.583 Note assigned to Player 5 MRP 
Try MRP 69 100 17.750 Note assigned to Player 1 MRP 
Try MRP 71 101 17.917 Note assigned to Player 2 MRP 
Try MRP 43 102 18.083 Note assigned to Player 3 MRP 
Try MRP 71 103 18.083 Note assigned to Player 2 MRP 
Try MRP 69 104 18.417 Note assigned to Player 1 MRP 
Try MRP 43 105 18.583 Note assigned to Player 3 MRP 
Try MRP 74 106 18.917 Try Offload Basic Try Whacker Note assigned to Player 1 Whacker 74 uncapped 
Try MRP 43 107 19.083 Note assigned to Player 3 MRP 
Try MRP 43 108 19.583 Note assigned to Player 3 MRP 
Try MRP 67 109 19.750 Note assigned to Player 5 MRP 
Try MRP 67 110 19.917 Note assigned to Player 5 MRP 
Try MRP 38 111 20.083 Try Offload Basic Try Whacker Note assigned to Player 0 Whacker 50 capped 38 
Try MRP 69 112 20.083 Note assigned to Player 1 MRP 
Try MRP 38 113 20.583 Note assigned to Player 0 MRP 
Try MRP 74 114 20.917 Note assigned to Player 1 MRP 
Try MRP 38 115 21.083 Note assigned to Player 0 MRP 
Try MRP 38 116 21.583 Note assigned to Player 0 MRP 
Try MRP 66 117 21.750 Try Offload Basic Try Whacker Note assigned to Player 0 Whacker 66 uncapped 
Try MRP 66 118 21.917 Note assigned to Player 0 MRP 
Try MRP 40 119 22.083 Try Offload Basic Try Whacker Note assigned to Player 1 Whacker 52 capped 40 
Try MRP 66 120 22.083 Note assigned to Player 0 MRP 
Try MRP 64 121 22.417 Try Offload Basic Try Whacker Note assigned to Player 2 Whacker 64 uncapped 
Try MRP 40 122 22.583 Note assigned to Player 1 MRP 
Try MRP 40 123 23.083 Note assigned to Player 1 MRP 
Try MRP 66 124 23.083 Note assigned to Player 0 MRP 
Try MRP 78 125 23.083 Try Offload Basic Try Whacker Note assigned to Player 3 Whacker 78 uncapped 
Try MRP 64 126 23.417 Note assigned to Player 2 MRP 
Try MRP 76 127 23.417 Try Offload Basic Try Whacker Note assigned to Player 5 Whacker 76 uncapped 
Try MRP 40 128 23.583 Note assigned to Player 1 MRP 
Try MRP 67 129 23.750 Note assigned to Player 4 MRP 
Try MRP 79 130 23.750 Try Offload Basic Try Whacker Note assigned to Player 4 Whacker 79 uncapped 
Try MRP 48 131 24.083 Note assigned to Player 0 MRP 
Try MRP 52 132 24.083 Try Offload Basic Try Whacker Note assigned to Player 3 Whacker 52 uncapped 
Try MRP 48 133 24.583 Note assigned to Player 0 MRP 
Try MRP 52 134 24.583 Note assigned to Player 3 MRP 
Try MRP 67 135 24.583 Note assigned to Player 4 MRP 
Try MRP 69 136 24.750 Note assigned to Player 1 MRP 
Try MRP 71 137 24.917 Note assigned to Player 2 MRP 
Try MRP 48 138 25.083 Note assigned to Player 0 MRP 
Try MRP 52 139 25.083 Note assigned to Player 3 MRP 
Try MRP 71 140 25.083 Note assigned to Player 2 MRP 
Try MRP 48 141 25.583 Note assigned to Player 0 MRP 
Try MRP 52 142 25.583 Note assigned to Player 3 MRP 
Try MRP 67 143 25.583 Note assigned to Player 4 MRP 
Try MRP 69 144 25.750 Note assigned to Player 1 MRP 
Try MRP 71 145 25.917 Note assigned to Player 2 MRP 
Try MRP 43 146 26.083 Note assigned to Player 3 MRP 
Try MRP 47 147 26.083 Try Offload Basic Try Whacker Note assigned to Player 4 Whacker 59 capped 47 
Try MRP 71 148 26.083 Note assigned to Player 2 MRP 
Try MRP 69 149 26.417 Note assigned to Player 1 MRP 
Try MRP 43 150 26.583 Note assigned to Player 3 MRP 
Try MRP 47 151 26.583 Note assigned to Player 4 MRP 
Try MRP 74 152 26.917 Note assigned to Player 1 MRP 
Try MRP 43 153 27.083 Note assigned to Player 3 MRP 
Try MRP 47 154 27.083 Note assigned to Player 4 MRP 
Try MRP 43 155 27.583 Note assigned to Player 3 MRP 
Try MRP 47 156 27.583 Note assigned to Player 4 MRP 
Try MRP 67 157 27.750 Note assigned to Player 4 MRP 
Try MRP 67 158 27.917 Note assigned to Player 4 MRP 
Try MRP 38 159 28.083 Note assigned to Player 0 MRP 
Try MRP 42 160 28.083 Try Offload Basic Try Whacker Note assigned to Player 5 Whacker 54 capped 42 
Try MRP 69 161 28.083 Note assigned to Player 1 MRP 
Try MRP 38 162 28.583 Note assigned to Player 0 MRP 
Try MRP 42 163 28.583 Note assigned to Player 5 MRP 
Try MRP 78 164 28.917 Note assigned to Player 3 MRP 
Try MRP 38 165 29.083 Note assigned to Player 0 MRP 
Try MRP 42 166 29.083 Note assigned to Player 5 MRP 
Try MRP 38 167 29.583 Note assigned to Player 0 MRP 
Try MRP 42 168 29.583 Note assigned to Player 5 MRP 
Try MRP 76 169 29.750 Try Offload Basic Try Whacker Note assigned to Player 2 Whacker 76 uncapped 
Try MRP 78 170 29.917 Note assigned to Player 3 MRP 
Try MRP 40 171 30.083 Note assigned to Player 1 MRP 
Try MRP 43 172 30.083 Note assigned to Player 3 MRP 
Try MRP 76 173 30.083 Note assigned to Player 2 MRP 
Try MRP 76 174 30.417 Note assigned to Player 2 MRP 
Try MRP 40 175 30.583 Note assigned to Player 1 MRP 
Try MRP 43 176 30.583 Note assigned to Player 3 MRP 
Try MRP 78 177 30.583 Note assigned to Player 3 MRP 
Try MRP 76 178 30.917 Note assigned to Player 2 MRP 
Try MRP 40 179 31.083 Note assigned to Player 1 MRP 
Try MRP 43 180 31.083 Note assigned to Player 3 MRP 
Try MRP 76 181 31.250 Note assigned to Player 2 MRP 
Try MRP 76 182 31.417 Note assigned to Player 2 MRP 
Try MRP 40 183 31.583 Note assigned to Player 1 MRP 
Try MRP 43 184 31.583 Note assigned to Player 3 MRP 
Try MRP 62 185 31.583 Try Offload Basic Try Whacker Note assigned to Player 1 Whacker 62 uncapped 
Try MRP 69 186 31.917 Try Offload Basic Try Whacker Note assigned to Player 0 Whacker 69 uncapped 
Try MRP 48 187 32.083 Note assigned to Player 0 MRP 
Try MRP 69 188 32.417 Note assigned to Player 0 MRP 
Try MRP 48 189 32.583 Note assigned to Player 0 MRP 
Try MRP 71 190 32.917 Note assigned to Player 2 MRP 
Try MRP 48 191 33.083 Note assigned to Player 0 MRP 
Try MRP 62 192 33.417 Note assigned to Player 1 MRP 
Try MRP 48 193 33.583 Note assigned to Player 0 MRP 
Try MRP 62 194 33.583 Note assigned to Player 1 MRP 
Try MRP 69 195 33.917 Note assigned to Player 0 MRP 
Try MRP 43 196 34.083 Note assigned to Player 3 MRP 
Try MRP 69 197 34.417 Note assigned to Player 0 MRP 
Try MRP 43 198 34.583 Note assigned to Player 3 MRP 
Try MRP 71 199 34.917 Note assigned to Player 2 MRP 
Try MRP 43 200 35.083 Note assigned to Player 3 MRP 
Try MRP 43 201 35.583 Note assigned to Player 3 MRP 
Try MRP 62 202 35.583 Note assigned to Player 1 MRP 
Try MRP 38 203 36.083 Note assigned to Player 0 MRP 
Try MRP 69 204 36.083 Note assigned to Player 0 MRP 
Try MRP 69 205 36.417 Note assigned to Player 0 MRP 
Try MRP 38 206 36.583 Note assigned to Player 0 MRP 
Try MRP 69 207 36.750 Note assigned to Player 0 MRP 
Try MRP 38 208 37.083 Note assigned to Player 0 MRP 
Try MRP 69 209 37.083 Note assigned to Player 0 MRP 
Try MRP 69 210 37.417 Note assigned to Player 0 MRP 
Try MRP 38 211 37.583 Note assigned to Player 0 MRP 
Try MRP 69 212 37.750 Note assigned to Player 0 MRP 
Try MRP 40 213 38.083 Note assigned to Player 1 MRP 
Try MRP 69 214 38.083 Note assigned to Player 0 MRP 
Try MRP 71 215 38.417 Note assigned to Player 2 MRP 
Try MRP 40 216 38.583 Note assigned to Player 1 MRP 
Try MRP 40 217 39.083 Note assigned to Player 1 MRP 
Try MRP 62 218 39.417 Note assigned to Player 1 MRP 
Try MRP 40 219 39.583 Note assigned to Player 1 MRP 
Try MRP 62 220 39.583 Note assigned to Player 1 MRP 
Try MRP 69 221 39.917 Note assigned to Player 0 MRP 
Try MRP 48 222 40.083 Note assigned to Player 0 MRP 
Try MRP 52 223 40.083 Note assigned to Player 3 MRP 
Try MRP 69 224 40.417 Note assigned to Player 0 MRP 
Try MRP 48 225 40.583 Note assigned to Player 0 MRP 
Try MRP 52 226 40.583 Note assigned to Player 3 MRP 
Try MRP 71 227 40.917 Note assigned to Player 2 MRP 
Try MRP 48 228 41.083 Note assigned to Player 0 MRP 
Try MRP 52 229 41.083 Note assigned to Player 3 MRP 
Try MRP 62 230 41.417 Note assigned to Player 1 MRP 
Try MRP 48 231 41.583 Note assigned to Player 0 MRP 
Try MRP 52 232 41.583 Note assigned to Player 3 MRP 
Try MRP 62 233 41.583 Note assigned to Player 1 MRP 
Try MRP 69 234 41.917 Note assigned to Player 0 MRP 
Try MRP 43 235 42.083 Note assigned to Player 3 MRP 
Try MRP 47 236 42.083 Note assigned to Player 4 MRP 
Try MRP 69 237 42.417 Note assigned to Player 0 MRP 
Try MRP 43 238 42.583 Note assigned to Player 3 MRP 
Try MRP 47 239 42.583 Note assigned to Player 4 MRP 
Try MRP 71 240 42.917 Note assigned to Player 2 MRP 
Try MRP 43 241 43.083 Note assigned to Player 3 MRP 
Try MRP 47 242 43.083 Note assigned to Player 4 MRP 
Try MRP 43 243 43.583 Note assigned to Player 3 MRP 
Try MRP 47 244 43.583 Note assigned to Player 4 MRP 
Try MRP 62 245 43.583 Note assigned to Player 1 MRP 
Try MRP 38 246 44.083 Note assigned to Player 0 MRP 
Try MRP 42 247 44.083 Note assigned to Player 5 MRP 
Try MRP 69 248 44.083 Note assigned to Player 0 MRP 
Try MRP 69 249 44.417 Note assigned to Player 0 MRP 
Try MRP 38 250 44.583 Note assigned to Player 0 MRP 
Try MRP 42 251 44.583 Note assigned to Player 5 MRP 
Try MRP 69 252 44.750 Note assigned to Player 0 MRP 
Try MRP 38 253 45.083 Note assigned to Player 0 MRP 
Try MRP 42 254 45.083 Note assigned to Player 5 MRP 
Try MRP 69 255 45.083 Note assigned to Player 0 MRP 
Try MRP 67 256 45.417 Note assigned to Player 4 MRP 
Try MRP 38 257 45.583 Note assigned to Player 0 MRP 
Try MRP 42 258 45.583 Note assigned to Player 5 MRP 
Try MRP 66 259 45.750 Try Offload Basic Before After Mid Offloaded 255 Player 1 Before After Mid Offloaded 252 Player 1 Before After Mid Offloaded 249 Player 1 Before After Mid Offloaded 248 Player 1 Before After Mid Offloaded 237 Player 1 Before After Mid Offloaded 234 Player 1 Before After Mid Note assigned to Player 0 
Try MRP 40 260 46.083 Note assigned to Player 1 MRP 
Try MRP 43 261 46.083 Note assigned to Player 3 MRP 
Try MRP 66 262 46.083 Note assigned to Player 0 MRP 
Try MRP 64 263 46.417 Note assigned to Player 2 MRP 
Try MRP 64 264 46.750 Note assigned to Player 2 MRP 
Try MRP 64 265 46.917 Note assigned to Player 2 MRP 
Try MRP 40 266 47.083 Note assigned to Player 1 MRP 
Try MRP 43 267 47.083 Note assigned to Player 3 MRP 
Try MRP 64 268 47.083 Note assigned to Player 2 MRP 
Try MRP 64 269 47.250 Note assigned to Player 2 MRP 
Try MRP 64 270 47.583 Note assigned to Player 2 MRP 
Try MRP 36 271 48.083 Try Offload Basic Try Whacker Note assigned to Player 0 Whacker 48 capped 36 
Try MRP 48 272 48.083 Note assigned to Player 0 MRP 
Try MRP 52 273 48.083 Note assigned to Player 3 MRP 
Try MRP 64 274 48.083 Note assigned to Player 2 MRP 
Try MRP 67 275 48.583 Note assigned to Player 4 MRP 
Try MRP 72 276 49.083 Note assigned to Player 2 MRP 
Try MRP 36 277 49.583 Note assigned to Player 0 MRP 
Try MRP 48 278 49.583 Note assigned to Player 0 MRP 
Try MRP 52 279 49.583 Note assigned to Player 3 MRP 
Try MRP 71 280 49.583 Try Offload Basic Before After Mid Try Whacker Note assigned to Player 1 Whacker 71 uncapped 
Try MRP 43 281 50.083 Note assigned to Player 3 MRP 
Try MRP 47 282 50.083 Note assigned to Player 4 MRP 
Try MRP 62 283 50.083 Note assigned to Player 1 MRP 
Try MRP 67 284 50.583 Note assigned to Player 4 MRP 
Try MRP 43 285 51.083 Note assigned to Player 3 MRP 
Try MRP 47 286 51.083 Note assigned to Player 4 MRP 
Try MRP 50 287 51.083 Try Offload Basic Try Whacker Note assigned to Player 2 Whacker 50 uncapped 
Try MRP 55 288 51.083 Try Offload Basic Try Whacker Note assigned to Player 5 Whacker 55 uncapped 
Try MRP 76 289 51.083 Note assigned to Player 2 MRP 
Try MRP 74 290 51.583 Note assigned to Player 1 MRP 
Try MRP 50 291 52.083 Note assigned to Player 2 MRP 
Try MRP 54 292 52.083 Try Offload Basic Try Whacker Note assigned to Player 3 Whacker 66 capped 54 
Try MRP 66 293 52.083 Note assigned to Player 0 MRP 
Try MRP 69 294 52.583 Note assigned to Player 1 MRP 
Try MRP 74 295 53.083 Note assigned to Player 1 MRP 
Try MRP 50 296 53.583 Note assigned to Player 2 MRP 
Try MRP 54 297 53.583 Note assigned to Player 3 MRP 
Try MRP 72 298 53.583 Note assigned to Player 2 MRP 
Try MRP 52 299 53.917 Note assigned to Player 3 MRP 
Try MRP 55 300 53.917 Note assigned to Player 5 MRP 
Try MRP 72 301 53.917 Note assigned to Player 2 MRP 
Try MRP 52 302 54.083 Note assigned to Player 3 MRP 
Try MRP 55 303 54.083 Note assigned to Player 5 MRP 
Try MRP 72 304 54.083 Note assigned to Player 2 MRP 
Try MRP 71 305 54.250 Try Offload Basic Before After Mid Offloaded 294 Player 0 Before After Mid Note assigned to Player 1 
Try MRP 71 306 54.583 Note assigned to Player 1 MRP 
Try MRP 43 307 55.583 Note assigned to Player 3 MRP 
Try MRP 52 308 55.583 Note assigned to Player 3 MRP 
Try MRP 66 309 55.583 Note assigned to Player 0 MRP 
Try MRP 48 310 56.083 Note assigned to Player 0 MRP 
Try MRP 64 311 56.083 Note assigned to Player 2 MRP 
Try MRP 36 312 56.583 Try Offload Basic Try Whacker Note assigned to Player 4 Whacker 48 capped 36 
Try MRP 48 313 56.583 Note assigned to Player 0 MRP 
Try MRP 67 314 56.583 Note assigned to Player 4 MRP 
Try MRP 48 315 57.083 Note assigned to Player 0 MRP 
Try MRP 72 316 57.083 Note assigned to Player 2 MRP 
Try MRP 36 317 57.583 Note assigned to Player 4 MRP 
Try MRP 48 318 57.583 Note assigned to Player 0 MRP 
Try MRP 71 319 57.583 Note assigned to Player 1 MRP 
Try MRP 55 320 58.083 Note assigned to Player 5 MRP 
Try MRP 62 321 58.083 Note assigned to Player 1 MRP 
Try MRP 43 322 58.583 Note assigned to Player 3 MRP 
Try MRP 55 323 58.583 Note assigned to Player 5 MRP 
Try MRP 67 324 58.583 Note assigned to Player 4 MRP 
Try MRP 55 325 59.083 Note assigned to Player 5 MRP 
Try MRP 76 326 59.083 Note assigned to Player 2 MRP 
Try MRP 43 327 59.583 Note assigned to Player 3 MRP 
Try MRP 55 328 59.583 Note assigned to Player 5 MRP 
Try MRP 74 329 59.583 Note assigned to Player 1 MRP 
Try MRP 38 330 60.083 Note assigned to Player 0 MRP 
Try MRP 66 331 60.083 Note assigned to Player 0 MRP 
Try MRP 38 332 60.583 Note assigned to Player 0 MRP 
Try MRP 45 333 60.583 Note assigned to Player 4 MRP 
Try MRP 69 334 60.583 Note assigned to Player 1 MRP 
Try MRP 38 335 61.083 Note assigned to Player 0 MRP 
Try MRP 74 336 61.083 Note assigned to Player 1 MRP 
Try MRP 38 337 61.583 Note assigned to Player 0 MRP 
Try MRP 45 338 61.583 Note assigned to Player 4 MRP 
Try MRP 50 339 61.583 Note assigned to Player 2 MRP 
Try MRP 38 340 62.083 Note assigned to Player 0 MRP 
Try MRP 45 341 62.083 Note assigned to Player 4 MRP 
Try MRP 50 342 62.083 Note assigned to Player 2 MRP 
Try MRP 74 343 62.083 Try Offload Basic Try Whacker Note assigned to Player 4 Whacker 74 uncapped 
Try MRP 59 344 63.083 Try Offload Basic Try Whacker Note assigned to Player 3 Whacker 59 uncapped 
Try MRP 71 345 63.083 Note assigned to Player 1 MRP 
Try MRP 59 346 63.417 Note assigned to Player 3 MRP 
Try MRP 71 347 63.417 Note assigned to Player 1 MRP 
Try MRP 64 348 63.750 Note assigned to Player 2 MRP 
Try MRP 76 349 63.750 Note assigned to Player 5 MRP 
Try MRP 48 350 64.083 Note assigned to Player 0 MRP 
Try MRP 64 351 64.083 Note assigned to Player 2 MRP 
Try MRP 76 352 64.083 Note assigned to Player 5 MRP 
Try MRP 48 353 64.583 Note assigned to Player 0 MRP 
Try MRP 76 354 64.583 Note assigned to Player 5 MRP 
Try MRP 48 355 65.083 Note assigned to Player 0 MRP 
Try MRP 76 356 65.083 Note assigned to Player 5 MRP 
Try MRP 71 357 65.417 Note assigned to Player 1 MRP 
Try MRP 48 358 65.583 Note assigned to Player 0 MRP 
Try MRP 71 359 65.583 Note assigned to Player 1 MRP 
Try MRP 74 360 65.917 Note assigned to Player 4 MRP 
Try MRP 50 361 66.083 Note assigned to Player 2 MRP 
Try MRP 74 362 66.083 Note assigned to Player 4 MRP 
Try MRP 50 363 66.583 Note assigned to Player 2 MRP 
Try MRP 69 364 66.583 Note assigned to Player 1 MRP 
Try MRP 50 365 67.083 Note assigned to Player 2 MRP 
Try MRP 72 366 67.083 Note assigned to Player 2 MRP 
Try MRP 74 367 67.250 Note assigned to Player 4 MRP 
Try MRP 74 368 67.417 Note assigned to Player 4 MRP 
Try MRP 50 369 67.583 Note assigned to Player 2 MRP 
Try MRP 74 370 67.583 Note assigned to Player 4 MRP 
Try MRP 72 371 67.750 Note assigned to Player 2 MRP 
Try MRP 72 372 67.917 Note assigned to Player 2 MRP 
Try MRP 43 373 68.083 Note assigned to Player 3 MRP 
Try MRP 72 374 68.083 Note assigned to Player 2 MRP 
Try MRP 71 375 68.417 Note assigned to Player 1 MRP 
Try MRP 43 376 68.583 Note assigned to Player 3 MRP 
Try MRP 42 377 69.083 Note assigned to Player 5 MRP 
Try MRP 72 378 69.083 Note assigned to Player 2 MRP 
Try MRP 74 379 69.250 Note assigned to Player 4 MRP 
Try MRP 74 380 69.417 Note assigned to Player 4 MRP 
Try MRP 42 381 69.583 Note assigned to Player 5 MRP 
Try MRP 74 382 69.583 Note assigned to Player 4 MRP 
Try MRP 72 383 69.750 Note assigned to Player 2 MRP 
Try MRP 72 384 69.917 Note assigned to Player 2 MRP 
Try MRP 40 385 70.083 Note assigned to Player 1 MRP 
Try MRP 72 386 70.083 Note assigned to Player 2 MRP 
Try MRP 71 387 70.417 Note assigned to Player 1 MRP 
Try MRP 40 388 70.583 Note assigned to Player 1 MRP 
Try MRP 40 389 71.083 Note assigned to Player 1 MRP 
Try MRP 69 390 71.083 Note assigned to Player 0 MRP 
Try MRP 71 391 71.417 Note assigned to Player 1 MRP 
Try MRP 40 392 71.583 Note assigned to Player 1 MRP 
Try MRP 67 393 71.750 Note assigned to Player 4 MRP 
Try MRP 48 394 72.083 Note assigned to Player 0 MRP 
Try MRP 76 395 72.083 Note assigned to Player 5 MRP 
Try MRP 48 396 72.583 Note assigned to Player 0 MRP 
Try MRP 76 397 72.583 Note assigned to Player 5 MRP 
Try MRP 48 398 73.083 Note assigned to Player 0 MRP 
Try MRP 79 399 73.083 Note assigned to Player 4 MRP 
Try MRP 78 400 73.417 Note assigned to Player 3 MRP 
Try MRP 48 401 73.583 Note assigned to Player 0 MRP 
Try MRP 76 402 73.583 Note assigned to Player 5 MRP 
Try MRP 74 403 73.917 Note assigned to Player 4 MRP 
Try MRP 50 404 74.083 Note assigned to Player 2 MRP 
Try MRP 74 405 74.083 Note assigned to Player 4 MRP 
Try MRP 50 406 74.583 Note assigned to Player 2 MRP 
Try MRP 69 407 74.583 Note assigned to Player 0 MRP 
Try MRP 50 408 75.083 Note assigned to Player 2 MRP 
Try MRP 72 409 75.083 Note assigned to Player 2 MRP 
Try MRP 74 410 75.250 Note assigned to Player 4 MRP 
Try MRP 74 411 75.417 Note assigned to Player 4 MRP 
Try MRP 50 412 75.583 Note assigned to Player 2 MRP 
Try MRP 74 413 75.583 Note assigned to Player 4 MRP 
Try MRP 72 414 75.750 Note assigned to Player 2 MRP 
Try MRP 72 415 75.917 Note assigned to Player 2 MRP 
Try MRP 43 416 76.083 Note assigned to Player 3 MRP 
Try MRP 72 417 76.083 Note assigned to Player 2 MRP 
Try MRP 71 418 76.417 Note assigned to Player 1 MRP 
Try MRP 43 419 76.583 Note assigned to Player 3 MRP 
Try MRP 42 420 77.083 Note assigned to Player 5 MRP 
Try MRP 72 421 77.083 Note assigned to Player 2 MRP 
Try MRP 74 422 77.250 Note assigned to Player 4 MRP 
Try MRP 74 423 77.417 Note assigned to Player 4 MRP 
Try MRP 42 424 77.583 Note assigned to Player 5 MRP 
Try MRP 74 425 77.583 Note assigned to Player 4 MRP 
Try MRP 72 426 77.750 Note assigned to Player 2 MRP 
Try MRP 72 427 77.917 Note assigned to Player 2 MRP 
Try MRP 40 428 78.083 Note assigned to Player 1 MRP 
Try MRP 72 429 78.083 Note assigned to Player 2 MRP 
Try MRP 71 430 78.417 Note assigned to Player 1 MRP 
Try MRP 40 431 78.583 Note assigned to Player 1 MRP 
Try MRP 40 432 79.083 Note assigned to Player 1 MRP 
Try MRP 69 433 79.083 Note assigned to Player 0 MRP 
Try MRP 71 434 79.417 Note assigned to Player 1 MRP 
Try MRP 40 435 79.583 Note assigned to Player 1 MRP 
Try MRP 67 436 79.750 Note assigned to Player 4 MRP 
Try MRP 36 437 80.083 Note assigned to Player 4 MRP 
Try MRP 48 438 80.083 Note assigned to Player 0 MRP 
Try MRP 64 439 80.083 Note assigned to Player 2 MRP 
Try MRP 36 440 80.583 Note assigned to Player 4 MRP 
Try MRP 48 441 80.583 Note assigned to Player 0 MRP 
Try MRP 67 442 80.583 Note assigned to Player 4 MRP 
Try MRP 36 443 81.083 Note assigned to Player 4 MRP 
Try MRP 48 444 81.083 Note assigned to Player 0 MRP 
Try MRP 72 445 81.083 Note assigned to Player 2 MRP 
Try MRP 36 446 81.583 Note assigned to Player 4 MRP 
Try MRP 48 447 81.583 Note assigned to Player 0 MRP 
Try MRP 71 448 81.583 Note assigned to Player 1 MRP 
Try MRP 36 449 81.917 Note assigned to Player 4 MRP 
Try MRP 48 450 81.917 Note assigned to Player 0 MRP 
Try MRP 38 451 82.083 Note assigned to Player 0 MRP 
Try MRP 50 452 82.083 Note assigned to Player 2 MRP 
Try MRP 62 453 82.083 Note assigned to Player 1 MRP 
Try MRP 38 454 82.583 Note assigned to Player 0 MRP 
Try MRP 50 455 82.583 Note assigned to Player 2 MRP 
Try MRP 67 456 82.583 Note assigned to Player 4 MRP 
Try MRP 38 457 83.083 Note assigned to Player 0 MRP 
Try MRP 50 458 83.083 Note assigned to Player 2 MRP 
Try MRP 76 459 83.083 Note assigned to Player 5 MRP 
Try MRP 38 460 83.583 Note assigned to Player 0 MRP 
Try MRP 50 461 83.583 Note assigned to Player 2 MRP 
Try MRP 74 462 83.583 Note assigned to Player 1 MRP 
Try MRP 38 463 83.917 Note assigned to Player 0 MRP 
Try MRP 50 464 83.917 Note assigned to Player 2 MRP 
Try MRP 43 465 84.083 Note assigned to Player 3 MRP 
Try MRP 55 466 84.083 Try Offload Basic Before After Mid Try Whacker Note assigned to Player 2 Whacker 67 capped 55 
Try MRP 67 467 84.083 Note assigned to Player 4 MRP 
Try MRP 43 468 84.583 Note assigned to Player 3 MRP 
Try MRP 55 469 84.583 Note assigned to Player 2 MRP 
Try MRP 71 470 84.583 Note assigned to Player 1 MRP 
Try MRP 42 471 85.083 Note assigned to Player 5 MRP 
Try MRP 54 472 85.083 Note assigned to Player 3 MRP Conflicting 
Try MRP 42 474 85.583 Note assigned to Player 5 MRP 
Try MRP 54 475 85.583 Note assigned to Player 3 MRP 
Try MRP 78 476 85.583 Try Offload Basic Before After Mid Try Whacker Note assigned to Player 1 Whacker 78 uncapped 
Try MRP 79 477 85.917 Note assigned to Player 4 MRP 
Try MRP 40 478 86.083 Try Offload Basic Before After Mid Before After Mid Try Whacker Note assigned to Player 0 Whacker 52 capped 40 
Try MRP 52 479 86.083 Try Offload Basic Before After Mid Try Whacker Note assigned to Player 0 Whacker 64 capped 52 
Try MRP 79 480 86.083 Note assigned to Player 4 MRP 
Try MRP 40 481 86.583 Note assigned to Player 0 MRP 
Try MRP 52 482 86.583 Note assigned to Player 0 MRP 
Try MRP 40 483 87.083 Note assigned to Player 0 MRP 
Try MRP 52 484 87.083 Note assigned to Player 0 MRP 
Try MRP 40 485 87.583 Note assigned to Player 0 MRP 
Try MRP 52 486 87.583 Note assigned to Player 0 MRP 
Try MRP 66 487 87.583 Try Offload Basic Before After Mid Offloaded 486 Player 3 Before After Mid Offloaded 484 Player 3 Before After Mid Offloaded 482 Player 3 Before After Mid Note assigned to Player 0 
Try MRP 36 488 88.083 Note assigned to Player 4 MRP 
Try MRP 48 489 88.083 Try Offload Basic Before After Mid Offloaded 485 Player 1 Before After Mid Offloaded 483 Player 1 Before After Mid Offloaded 481 Player 1 Before After Mid Note assigned to Player 0 
Try MRP 64 490 88.083 Note assigned to Player 2 MRP 
Try MRP 36 491 88.583 Note assigned to Player 4 MRP 
Try MRP 48 492 88.583 Note assigned to Player 0 MRP 
Try MRP 67 493 88.583 Note assigned to Player 4 MRP 
Try MRP 36 494 89.083 Note assigned to Player 4 MRP 
Try MRP 48 495 89.083 Note assigned to Player 0 MRP 
Try MRP 72 496 89.083 Note assigned to Player 2 MRP 
Try MRP 36 497 89.583 Note assigned to Player 4 MRP 
Try MRP 48 498 89.583 Note assigned to Player 0 MRP 
Try MRP 71 499 89.583 Note assigned to Player 1 MRP 
Try MRP 36 500 89.917 Note assigned to Player 4 MRP 
Try MRP 48 501 89.917 Note assigned to Player 0 MRP 
Try MRP 38 502 90.083 Note assigned to Player 0 MRP 
Try MRP 50 503 90.083 Note assigned to Player 2 MRP 
Try MRP 62 504 90.083 Note assigned to Player 1 MRP 
Try MRP 38 505 90.583 Note assigned to Player 0 MRP 
Try MRP 50 506 90.583 Note assigned to Player 2 MRP 
Try MRP 67 507 90.583 Note assigned to Player 4 MRP 
Try MRP 38 508 91.083 Note assigned to Player 0 MRP 
Try MRP 50 509 91.083 Note assigned to Player 2 MRP 
Try MRP 76 510 91.083 Note assigned to Player 5 MRP 
Try MRP 38 511 91.583 Note assigned to Player 0 MRP 
Try MRP 50 512 91.583 Note assigned to Player 2 MRP 
Try MRP 74 513 91.583 Note assigned to Player 1 MRP 
Try MRP 38 514 91.917 Note assigned to Player 0 MRP 
Try MRP 50 515 91.917 Note assigned to Player 2 MRP 
Try MRP 43 516 92.083 Note assigned to Player 3 MRP 
Try MRP 55 517 92.083 Note assigned to Player 2 MRP 
Try MRP 67 518 92.083 Note assigned to Player 4 MRP 
Try MRP 43 519 92.583 Note assigned to Player 3 MRP 
Try MRP 55 520 92.583 Note assigned to Player 2 MRP 
Try MRP 71 521 92.583 Note assigned to Player 1 MRP 
Try MRP 42 522 93.083 Note assigned to Player 5 MRP 
Try MRP 54 523 93.083 Note assigned to Player 3 MRP Conflicting 
Try MRP 42 525 93.583 Note assigned to Player 5 MRP 
Try MRP 54 526 93.583 Note assigned to Player 3 MRP 
Try MRP 78 527 93.583 Note assigned to Player 1 MRP 
Try MRP 79 528 93.917 Note assigned to Player 4 MRP 
Try MRP 40 529 94.083 Note assigned to Player 0 MRP 
Try MRP 52 530 94.083 Note assigned to Player 0 MRP 
Try MRP 79 531 94.083 Note assigned to Player 4 MRP 
Try MRP 40 532 94.583 Note assigned to Player 0 MRP 
Try MRP 52 533 94.583 Note assigned to Player 0 MRP 
Try MRP 40 534 95.083 Note assigned to Player 0 MRP 
Try MRP 52 535 95.083 Note assigned to Player 0 MRP 
Try MRP 40 536 95.583 Note assigned to Player 0 MRP 
Try MRP 52 537 95.583 Note assigned to Player 0 MRP 
Whacker 0 1 1 
Whacker 1 0 0 0 
Whacker 2 1 1 0 0 0 
Whacker 3 0 0 0 
Whacker 4 1 1 1 0 0 
Whacker 5 0 0 0 0 0 
Whacker 6 1 0 0 
Whacker 7 1 1 1 0 0 
Whacker 8 0 0 0 
Whacker 9 1 0 0 0 0 
Whacker 10 0 0 0 
Whacker 11 1 1 0 0 0 
Whacker 12 1 0 0 0 0 0 0 
Whacker 13 0 0 0 0 
Whacker 14 1 0 0 0 
Whacker 15 0 0 0 0 
Whacker 16 1 1 0 0 
Whacker 17 0 0 0 0 
Whacker 18 1 1 0 0 
Whacker 19 1 1 1 0 0 
Whacker 20 0 0 0 0 
Whacker 21 1 1 0 0 
Whacker 22 0 0 0 0 
Whacker 23 1 1 0 0 
Whacker 24 1 1 
Whacker 25 0 0 
Whacker 26 1 1 
Whacker 27 0 0 
Whacker 28 1 1 
Whacker 29 0 0 
Whacker 30 1 1 
Whacker 31 1 0 
48 1 
Wrote recoloring data. 
Number of conflicts: 2 
 
Conflicting note 81 in measure 43, time: 1:25.08
Conflicting note 81 in measure 47, time: 1:33.08
