../Core/Src/nrf24l0.c:29:9:NRF24L01_ReadRegister	32	static
../Core/Src/nrf24l0.c:52:6:NRF24L01_WriteRegister	32	static
../Core/Src/nrf24l0.c:72:6:NRF24L01_WriteRegisterMulti	40	static
../Core/Src/nrf24l0.c:93:6:NRF24L01_RxInit	16	static
../Core/Src/nrf24l0.c:132:6:NRF24L01_TxInit	16	static
../Core/Src/nrf24l0.c:169:6:NRF24L01_Reset	16	static
../Core/Src/nrf24l0.c:203:6:NRF24L01_PRxMode	24	static
../Core/Src/nrf24l0.c:216:6:NRF24L01_PTxMode	24	static
../Core/Src/nrf24l0.c:230:6:NRF24L01_RxReceive	24	static
../Core/Src/nrf24l0.c:242:6:NRF24L01_TxTransmit	16	static
../Core/Src/nrf24l0.c:248:6:NRF24L01_ClearRxDR	24	static
../Core/Src/nrf24l0.c:261:6:NRF24L01_ClearTxDS	24	static
../Core/Src/nrf24l0.c:274:6:NRF24L01_ClearMaxRT	24	static
../Core/Src/nrf24l0.c:289:9:NRF24L01_ReadRxFIFO	32	static
../Core/Src/nrf24l0.c:311:9:NRF24L01_WriteTxFIFO	32	static
../Core/Src/nrf24l0.c:334:6:NRF24L01_FlushRxFIFO	32	static
../Core/Src/nrf24l0.c:352:6:NRF24L01_FlushTxFIFO	32	static
../Core/Src/nrf24l0.c:371:9:NRF24L01_GetFIFOStatus	16	static
../Core/Src/nrf24l0.c:377:6:NRF24L01_PowerUp	24	static
../Core/Src/nrf24l0.c:390:6:NRF24L01_PowerDown	24	static
../Core/Src/nrf24l0.c:404:6:NRF24L01_EnableRxAddress	24	static
../Core/Src/nrf24l0.c:415:6:NRF24L01_DisableRxAddress	24	static
../Core/Src/nrf24l0.c:426:6:NRF24L01_SetAddressWidths	16	static
../Core/Src/nrf24l0.c:431:6:NRF24L01_SetRxAddress	24	static
../Core/Src/nrf24l0.c:497:6:NRF24L01_SetTxAddress	24	static
../Core/Src/nrf24l0.c:516:6:NRF24L01_SetRxPayloadWidths	16	static
../Core/Src/nrf24l0.c:526:6:NRF24L01_SetCRCLength	24	static
../Core/Src/nrf24l0.c:555:6:NRF24L01_SetAutoACK	24	static
../Core/Src/nrf24l0.c:575:6:NRF24L01_AutoRetransmitCount	24	static
../Core/Src/nrf24l0.c:588:6:NRF24L01_AutoRetransmitDelay	24	static
../Core/Src/nrf24l0.c:602:6:NRF24L01_SetRFChannel	16	static
../Core/Src/nrf24l0.c:612:6:NRF24L01_SetRFTxOutputPower	24	static
../Core/Src/nrf24l0.c:625:6:NRF24L01_SetRFAirDataRate	24	static
../Core/Src/nrf24l0.c:655:6:NRF24L01_TxIRQHandle	24	static
../Core/Src/nrf24l0.c:678:9:NRF24L01_GetStatus	32	static
